Archive member included to satisfy reference by file (symbol)

S:/ST/STM32CubeIDE_1.15.1/STM32CubeIDE/plugins/com.st.stm32cube.ide.mcu.externaltools.gnu-tools-for-stm32.12.3.rel1.win32_1.0.100.202403111256/tools/bin/../lib/gcc/arm-none-eabi/12.3.1/../../../../arm-none-eabi/lib/thumb/v7e-m+fp/hard\libc_nano.a(libc_a-exit.o)
                              S:/ST/STM32CubeIDE_1.15.1/STM32CubeIDE/plugins/com.st.stm32cube.ide.mcu.externaltools.gnu-tools-for-stm32.12.3.rel1.win32_1.0.100.202403111256/tools/bin/../lib/gcc/arm-none-eabi/12.3.1/../../../../arm-none-eabi/lib/thumb/v7e-m+fp/hard/crt0.o (exit)
S:/ST/STM32CubeIDE_1.15.1/STM32CubeIDE/plugins/com.st.stm32cube.ide.mcu.externaltools.gnu-tools-for-stm32.12.3.rel1.win32_1.0.100.202403111256/tools/bin/../lib/gcc/arm-none-eabi/12.3.1/../../../../arm-none-eabi/lib/thumb/v7e-m+fp/hard\libc_nano.a(libc_a-findfp.o)
                              S:/ST/STM32CubeIDE_1.15.1/STM32CubeIDE/plugins/com.st.stm32cube.ide.mcu.externaltools.gnu-tools-for-stm32.12.3.rel1.win32_1.0.100.202403111256/tools/bin/../lib/gcc/arm-none-eabi/12.3.1/../../../../arm-none-eabi/lib/thumb/v7e-m+fp/hard\libc_nano.a(libc_a-exit.o) (__stdio_exit_handler)
S:/ST/STM32CubeIDE_1.15.1/STM32CubeIDE/plugins/com.st.stm32cube.ide.mcu.externaltools.gnu-tools-for-stm32.12.3.rel1.win32_1.0.100.202403111256/tools/bin/../lib/gcc/arm-none-eabi/12.3.1/../../../../arm-none-eabi/lib/thumb/v7e-m+fp/hard\libc_nano.a(libc_a-fwalk.o)
                              S:/ST/STM32CubeIDE_1.15.1/STM32CubeIDE/plugins/com.st.stm32cube.ide.mcu.externaltools.gnu-tools-for-stm32.12.3.rel1.win32_1.0.100.202403111256/tools/bin/../lib/gcc/arm-none-eabi/12.3.1/../../../../arm-none-eabi/lib/thumb/v7e-m+fp/hard\libc_nano.a(libc_a-findfp.o) (_fwalk_sglue)
S:/ST/STM32CubeIDE_1.15.1/STM32CubeIDE/plugins/com.st.stm32cube.ide.mcu.externaltools.gnu-tools-for-stm32.12.3.rel1.win32_1.0.100.202403111256/tools/bin/../lib/gcc/arm-none-eabi/12.3.1/../../../../arm-none-eabi/lib/thumb/v7e-m+fp/hard\libc_nano.a(libc_a-sprintf.o)
                              ./Core/Src/main.o (sprintf)
S:/ST/STM32CubeIDE_1.15.1/STM32CubeIDE/plugins/com.st.stm32cube.ide.mcu.externaltools.gnu-tools-for-stm32.12.3.rel1.win32_1.0.100.202403111256/tools/bin/../lib/gcc/arm-none-eabi/12.3.1/../../../../arm-none-eabi/lib/thumb/v7e-m+fp/hard\libc_nano.a(libc_a-stdio.o)
                              S:/ST/STM32CubeIDE_1.15.1/STM32CubeIDE/plugins/com.st.stm32cube.ide.mcu.externaltools.gnu-tools-for-stm32.12.3.rel1.win32_1.0.100.202403111256/tools/bin/../lib/gcc/arm-none-eabi/12.3.1/../../../../arm-none-eabi/lib/thumb/v7e-m+fp/hard\libc_nano.a(libc_a-findfp.o) (__sread)
S:/ST/STM32CubeIDE_1.15.1/STM32CubeIDE/plugins/com.st.stm32cube.ide.mcu.externaltools.gnu-tools-for-stm32.12.3.rel1.win32_1.0.100.202403111256/tools/bin/../lib/gcc/arm-none-eabi/12.3.1/../../../../arm-none-eabi/lib/thumb/v7e-m+fp/hard\libc_nano.a(libc_a-memset.o)
                              S:/ST/STM32CubeIDE_1.15.1/STM32CubeIDE/plugins/com.st.stm32cube.ide.mcu.externaltools.gnu-tools-for-stm32.12.3.rel1.win32_1.0.100.202403111256/tools/bin/../lib/gcc/arm-none-eabi/12.3.1/../../../../arm-none-eabi/lib/thumb/v7e-m+fp/hard/crt0.o (memset)
S:/ST/STM32CubeIDE_1.15.1/STM32CubeIDE/plugins/com.st.stm32cube.ide.mcu.externaltools.gnu-tools-for-stm32.12.3.rel1.win32_1.0.100.202403111256/tools/bin/../lib/gcc/arm-none-eabi/12.3.1/../../../../arm-none-eabi/lib/thumb/v7e-m+fp/hard\libc_nano.a(libc_a-closer.o)
                              S:/ST/STM32CubeIDE_1.15.1/STM32CubeIDE/plugins/com.st.stm32cube.ide.mcu.externaltools.gnu-tools-for-stm32.12.3.rel1.win32_1.0.100.202403111256/tools/bin/../lib/gcc/arm-none-eabi/12.3.1/../../../../arm-none-eabi/lib/thumb/v7e-m+fp/hard\libc_nano.a(libc_a-stdio.o) (_close_r)
S:/ST/STM32CubeIDE_1.15.1/STM32CubeIDE/plugins/com.st.stm32cube.ide.mcu.externaltools.gnu-tools-for-stm32.12.3.rel1.win32_1.0.100.202403111256/tools/bin/../lib/gcc/arm-none-eabi/12.3.1/../../../../arm-none-eabi/lib/thumb/v7e-m+fp/hard\libc_nano.a(libc_a-reent.o)
                              S:/ST/STM32CubeIDE_1.15.1/STM32CubeIDE/plugins/com.st.stm32cube.ide.mcu.externaltools.gnu-tools-for-stm32.12.3.rel1.win32_1.0.100.202403111256/tools/bin/../lib/gcc/arm-none-eabi/12.3.1/../../../../arm-none-eabi/lib/thumb/v7e-m+fp/hard\libc_nano.a(libc_a-closer.o) (errno)
S:/ST/STM32CubeIDE_1.15.1/STM32CubeIDE/plugins/com.st.stm32cube.ide.mcu.externaltools.gnu-tools-for-stm32.12.3.rel1.win32_1.0.100.202403111256/tools/bin/../lib/gcc/arm-none-eabi/12.3.1/../../../../arm-none-eabi/lib/thumb/v7e-m+fp/hard\libc_nano.a(libc_a-impure.o)
                              S:/ST/STM32CubeIDE_1.15.1/STM32CubeIDE/plugins/com.st.stm32cube.ide.mcu.externaltools.gnu-tools-for-stm32.12.3.rel1.win32_1.0.100.202403111256/tools/bin/../lib/gcc/arm-none-eabi/12.3.1/../../../../arm-none-eabi/lib/thumb/v7e-m+fp/hard\libc_nano.a(libc_a-sprintf.o) (_impure_ptr)
[...]
Memory Configuration

Name             Origin             Length             Attributes
RAM              0x20000000         0x00020000         xrw
FLASH            0x08000000         0x00080000         xr
*default*        0x00000000         0xffffffff

Linker script and memory map

LOAD S:/ST/STM32CubeIDE_1.15.1/STM32CubeIDE/plugins/com.st.stm32cube.ide.mcu.externaltools.gnu-tools-for-stm32.12.3.rel1.win32_1.0.100.202403111256/tools/bin/../lib/gcc/arm-none-eabi/12.3.1/thumb/v7e-m+fp/hard/crti.o
LOAD S:/ST/STM32CubeIDE_1.15.1/STM32CubeIDE/plugins/com.st.stm32cube.ide.mcu.externaltools.gnu-tools-for-stm32.12.3.rel1.win32_1.0.100.202403111256/tools/bin/../lib/gcc/arm-none-eabi/12.3.1/thumb/v7e-m+fp/hard/crtbegin.o
LOAD S:/ST/STM32CubeIDE_1.15.1/STM32CubeIDE/plugins/com.st.stm32cube.ide.mcu.externaltools.gnu-tools-for-stm32.12.3.rel1.win32_1.0.100.202403111256/tools/bin/../lib/gcc/arm-none-eabi/12.3.1/../../../../arm-none-eabi/lib/thumb/v7e-m+fp/hard/crt0.o
LOAD ./Core/Src/aes.o
LOAD ./Core/Src/main.o
LOAD ./Core/Src/stm32f4xx_hal_msp.o
LOAD ./Core/Src/stm32f4xx_it.o
LOAD ./Core/Src/syscalls.o
LOAD ./Core/Src/sysmem.o
LOAD ./Core/Src/system_stm32f4xx.o
LOAD ./Core/Startup/startup_stm32f446retx.o
LOAD ./Drivers/STM32F4xx_HAL_Driver/Src/stm32f4xx_hal.o
LOAD ./Drivers/STM32F4xx_HAL_Driver/Src/stm32f4xx_hal_cortex.o
LOAD ./Drivers/STM32F4xx_HAL_Driver/Src/stm32f4xx_hal_crc.o
LOAD ./Drivers/STM32F4xx_HAL_Driver/Src/stm32f4xx_hal_dma.o
LOAD ./Drivers/STM32F4xx_HAL_Driver/Src/stm32f4xx_hal_dma_ex.o
LOAD ./Drivers/STM32F4xx_HAL_Driver/Src/stm32f4xx_hal_exti.o
LOAD ./Drivers/STM32F4xx_HAL_Driver/Src/stm32f4xx_hal_flash.o
LOAD ./Drivers/STM32F4xx_HAL_Driver/Src/stm32f4xx_hal_flash_ex.o
LOAD ./Drivers/STM32F4xx_HAL_Driver/Src/stm32f4xx_hal_flash_ramfunc.o
LOAD ./Drivers/STM32F4xx_HAL_Driver/Src/stm32f4xx_hal_gpio.o
LOAD ./Drivers/STM32F4xx_HAL_Driver/Src/stm32f4xx_hal_pwr.o
LOAD ./Drivers/STM32F4xx_HAL_Driver/Src/stm32f4xx_hal_pwr_ex.o
LOAD ./Drivers/STM32F4xx_HAL_Driver/Src/stm32f4xx_hal_rcc.o
LOAD ./Drivers/STM32F4xx_HAL_Driver/Src/stm32f4xx_hal_rcc_ex.o
LOAD ./Drivers/STM32F4xx_HAL_Driver/Src/stm32f4xx_hal_tim.o
LOAD ./Drivers/STM32F4xx_HAL_Driver/Src/stm32f4xx_hal_tim_ex.o
LOAD ./Drivers/STM32F4xx_HAL_Driver/Src/stm32f4xx_hal_uart.o
START GROUP
LOAD S:/ST/STM32CubeIDE_1.15.1/STM32CubeIDE/plugins/com.st.stm32cube.ide.mcu.externaltools.gnu-tools-for-stm32.12.3.rel1.win32_1.0.100.202403111256/tools/bin/../lib/gcc/arm-none-eabi/12.3.1/../../../../arm-none-eabi/lib/thumb/v7e-m+fp/hard\libc_nano.a
LOAD S:/ST/STM32CubeIDE_1.15.1/STM32CubeIDE/plugins/com.st.stm32cube.ide.mcu.externaltools.gnu-tools-for-stm32.12.3.rel1.win32_1.0.100.202403111256/tools/bin/../lib/gcc/arm-none-eabi/12.3.1/../../../../arm-none-eabi/lib/thumb/v7e-m+fp/hard\libm.a
END GROUP
START GROUP
LOAD S:/ST/STM32CubeIDE_1.15.1/STM32CubeIDE/plugins/com.st.stm32cube.ide.mcu.externaltools.gnu-tools-for-stm32.12.3.rel1.win32_1.0.100.202403111256/tools/bin/../lib/gcc/arm-none-eabi/12.3.1/thumb/v7e-m+fp/hard\libgcc.a
LOAD S:/ST/STM32CubeIDE_1.15.1/STM32CubeIDE/plugins/com.st.stm32cube.ide.mcu.externaltools.gnu-tools-for-stm32.12.3.rel1.win32_1.0.100.202403111256/tools/bin/../lib/gcc/arm-none-eabi/12.3.1/../../../../arm-none-eabi/lib/thumb/v7e-m+fp/hard\libc_nano.a
END GROUP
START GROUP
LOAD S:/ST/STM32CubeIDE_1.15.1/STM32CubeIDE/plugins/com.st.stm32cube.ide.mcu.externaltools.gnu-tools-for-stm32.12.3.rel1.win32_1.0.100.202403111256/tools/bin/../lib/gcc/arm-none-eabi/12.3.1/thumb/v7e-m+fp/hard\libgcc.a
LOAD S:/ST/STM32CubeIDE_1.15.1/STM32CubeIDE/plugins/com.st.stm32cube.ide.mcu.externaltools.gnu-tools-for-stm32.12.3.rel1.win32_1.0.100.202403111256/tools/bin/../lib/gcc/arm-none-eabi/12.3.1/../../../../arm-none-eabi/lib/thumb/v7e-m+fp/hard\libc_nano.a
LOAD S:/ST/STM32CubeIDE_1.15.1/STM32CubeIDE/plugins/com.st.stm32cube.ide.mcu.externaltools.gnu-tools-for-stm32.12.3.rel1.win32_1.0.100.202403111256/tools/bin/../lib/gcc/arm-none-eabi/12.3.1/../../../../arm-none-eabi/lib/thumb/v7e-m+fp/hard\libnosys.a
END GROUP
START GROUP
LOAD S:/ST/STM32CubeIDE_1.15.1/STM32CubeIDE/plugins/com.st.stm32cube.ide.mcu.externaltools.gnu-tools-for-stm32.12.3.rel1.win32_1.0.100.202403111256/tools/bin/../lib/gcc/arm-none-eabi/12.3.1/thumb/v7e-m+fp/hard\libgcc.a
LOAD S:/ST/STM32CubeIDE_1.15.1/STM32CubeIDE/plugins/com.st.stm32cube.ide.mcu.externaltools.gnu-tools-for-stm32.12.3.rel1.win32_1.0.100.202403111256/tools/bin/../lib/gcc/arm-none-eabi/12.3.1/../../../../arm-none-eabi/lib/thumb/v7e-m+fp/hard\libc_nano.a
LOAD S:/ST/STM32CubeIDE_1.15.1/STM32CubeIDE/plugins/com.st.stm32cube.ide.mcu.externaltools.gnu-tools-for-stm32.12.3.rel1.win32_1.0.100.202403111256/tools/bin/../lib/gcc/arm-none-eabi/12.3.1/../../../../arm-none-eabi/lib/thumb/v7e-m+fp/hard\libnosys.a
END GROUP
LOAD S:/ST/STM32CubeIDE_1.15.1/STM32CubeIDE/plugins/com.st.stm32cube.ide.mcu.externaltools.gnu-tools-for-stm32.12.3.rel1.win32_1.0.100.202403111256/tools/bin/../lib/gcc/arm-none-eabi/12.3.1/thumb/v7e-m+fp/hard/crtend.o
LOAD S:/ST/STM32CubeIDE_1.15.1/STM32CubeIDE/plugins/com.st.stm32cube.ide.mcu.externaltools.gnu-tools-for-stm32.12.3.rel1.win32_1.0.100.202403111256/tools/bin/../lib/gcc/arm-none-eabi/12.3.1/thumb/v7e-m+fp/hard/crtn.o
                0x20020000                        _estack = (ORIGIN (RAM) + LENGTH (RAM))
                0x00000200                        _Min_Heap_Size = 0x200
                0x00000400                        _Min_Stack_Size = 0x400

.isr_vector     0x08000000      0x1c4
                0x08000000                        . = ALIGN (0x4)
 *(.isr_vector)
 .isr_vector    0x08000000      0x1c4 ./Core/Startup/startup_stm32f446retx.o
                0x08000000                g_pfnVectors
                0x080001c4                        . = ALIGN (0x4)

.text           0x080001d0     0x3c78
                0x080001d0                        . = ALIGN (0x4)
 *(.text)
 .text          0x080001d0       0x40 S:/ST/STM32CubeIDE_1.15.1/STM32CubeIDE/plugins/com.st.stm32cube.ide.mcu.externaltools.gnu-tools-for-stm32.12.3.rel1.win32_1.0.100.202403111256/tools/bin/../lib/gcc/arm-none-eabi/12.3.1/thumb/v7e-m+fp/hard/crtbegin.o
 .text          0x08000210       0x10 S:/ST/STM32CubeIDE_1.15.1/STM32CubeIDE/plugins/com.st.stm32cube.ide.mcu.externaltools.gnu-tools-for-stm32.12.3.rel1.win32_1.0.100.202403111256/tools/bin/../lib/gcc/arm-none-eabi/12.3.1/../../../../arm-none-eabi/lib/thumb/v7e-m+fp/hard\libc_nano.a(libc_a-strlen.o)
                0x08000210                strlen
 .text          0x08000220       0xa0 S:/ST/STM32CubeIDE_1.15.1/STM32CubeIDE/plugins/com.st.stm32cube.ide.mcu.externaltools.gnu-tools-for-stm32.12.3.rel1.win32_1.0.100.202403111256/tools/bin/../lib/gcc/arm-none-eabi/12.3.1/../../../../arm-none-eabi/lib/thumb/v7e-m+fp/hard\libc_nano.a(libc_a-memchr.o)
                0x08000220                memchr
 .text          0x080002c0       0x30 S:/ST/STM32CubeIDE_1.15.1/STM32CubeIDE/plugins/com.st.stm32cube.ide.mcu.externaltools.gnu-tools-for-stm32.12.3.rel1.win32_1.0.100.202403111256/tools/bin/../lib/gcc/arm-none-eabi/12.3.1/thumb/v7e-m+fp/hard\libgcc.a(_aeabi_uldivmod.o)
                0x080002c0                __aeabi_uldivmod
 .text          0x080002f0      0x2bc S:/ST/STM32CubeIDE_1.15.1/STM32CubeIDE/plugins/com.st.stm32cube.ide.mcu.externaltools.gnu-tools-for-stm32.12.3.rel1.win32_1.0.100.202403111256/tools/bin/../lib/gcc/arm-none-eabi/12.3.1/thumb/v7e-m+fp/hard\libgcc.a(_udivmoddi4.o)
                0x080002f0                __udivmoddi4
 .text          0x080005ac        0x4 S:/ST/STM32CubeIDE_1.15.1/STM32CubeIDE/plugins/com.st.stm32cube.ide.mcu.externaltools.gnu-tools-for-stm32.12.3.rel1.win32_1.0.100.202403111256/tools/bin/../lib/gcc/arm-none-eabi/12.3.1/thumb/v7e-m+fp/hard\libgcc.a(_dvmd_tls.o)
                0x080005ac                __aeabi_idiv0
                0x080005ac                __aeabi_ldiv0
 *(.text*)
 .text.KeyExpansion
                0x080005b0      0x1a0 ./Core/Src/aes.o
 .text.AES_init_ctx
                0x08000750       0x1c ./Core/Src/aes.o
                0x08000750                AES_init_ctx
 .text.AES_init_ctx_iv
                0x0800076c       0x2c ./Core/Src/aes.o
                0x0800076c                AES_init_ctx_iv
 .text.AddRoundKey
                0x08000798       0x78 ./Core/Src/aes.o
 .text.SubBytes
                0x08000810       0x64 ./Core/Src/aes.o
 .text.ShiftRows
                0x08000874       0x84 ./Core/Src/aes.o
 .text.xtime    0x080008f8       0x3c ./Core/Src/aes.o
 .text.MixColumns
                0x08000934      0x16a ./Core/Src/aes.o
 .text.InvMixColumns
                0x08000a9e      0x698 ./Core/Src/aes.o
 *fill*         0x08001136        0x2 
 .text.InvSubBytes
                0x08001138       0x64 ./Core/Src/aes.o
 .text.InvShiftRows
                0x0800119c       0x84 ./Core/Src/aes.o
 .text.Cipher   0x08001220       0x5c ./Core/Src/aes.o
 .text.InvCipher
                0x0800127c       0x52 ./Core/Src/aes.o
 .text.AES_ECB_encrypt
                0x080012ce       0x1c ./Core/Src/aes.o
                0x080012ce                AES_ECB_encrypt
 .text.AES_ECB_decrypt
                0x080012ea       0x1c ./Core/Src/aes.o
                0x080012ea                AES_ECB_decrypt
 .text.XorWithIv
                0x08001306       0x46 ./Core/Src/aes.o
 .text.AES_CBC_encrypt_buffer
                0x0800134c       0x58 ./Core/Src/aes.o
                0x0800134c                AES_CBC_encrypt_buffer
 .text.AES_CBC_decrypt_buffer
                0x080013a4       0x6a ./Core/Src/aes.o
                0x080013a4                AES_CBC_decrypt_buffer
 *fill*         0x0800140e        0x2 
 .text.test_encrypt_ecb
                0x08001410       0x28 ./Core/Src/main.o
 .text.test_decrypt_cbc
                0x08001438       0x30 ./Core/Src/main.o
 .text.test_encrypt_cbc
                0x08001468       0x30 ./Core/Src/main.o
 .text.test_decrypt_ecb
                0x08001498       0x28 ./Core/Src/main.o
 .text.main     0x080014c0       0xb4 ./Core/Src/main.o
                0x080014c0                main
 .text.SystemClock_Config
                0x08001574       0xe4 ./Core/Src/main.o
                0x08001574                SystemClock_Config
 .text.MX_CRC_Init
                0x08001658       0x28 ./Core/Src/main.o
 .text.MX_USART2_UART_Init
                0x08001680       0x54 ./Core/Src/main.o
 .text.MX_GPIO_Init
                0x080016d4       0xdc ./Core/Src/main.o
 .text.Error_Handler
                0x080017b0        0xc ./Core/Src/main.o
                0x080017b0                Error_Handler
 .text.HAL_MspInit
                0x080017bc       0x50 ./Core/Src/stm32f4xx_hal_msp.o
                0x080017bc                HAL_MspInit
 .text.HAL_CRC_MspInit
                0x0800180c       0x44 ./Core/Src/stm32f4xx_hal_msp.o
                0x0800180c                HAL_CRC_MspInit
 .text.HAL_UART_MspInit
                0x08001850       0x90 ./Core/Src/stm32f4xx_hal_msp.o
                0x08001850                HAL_UART_MspInit
 .text.NMI_Handler
                0x080018e0        0x8 ./Core/Src/stm32f4xx_it.o
                0x080018e0                NMI_Handler
 .text.HardFault_Handler
                0x080018e8        0x8 ./Core/Src/stm32f4xx_it.o
                0x080018e8                HardFault_Handler
 .text.MemManage_Handler
                0x080018f0        0x8 ./Core/Src/stm32f4xx_it.o
                0x080018f0                MemManage_Handler
 .text.BusFault_Handler
                0x080018f8        0x8 ./Core/Src/stm32f4xx_it.o
                0x080018f8                BusFault_Handler
 .text.UsageFault_Handler
                0x08001900        0x8 ./Core/Src/stm32f4xx_it.o
                0x08001900                UsageFault_Handler
 .text.SVC_Handler
                0x08001908        0xe ./Core/Src/stm32f4xx_it.o
                0x08001908                SVC_Handler
 .text.DebugMon_Handler
                0x08001916        0xe ./Core/Src/stm32f4xx_it.o
                0x08001916                DebugMon_Handler
 .text.PendSV_Handler
                0x08001924        0xe ./Core/Src/stm32f4xx_it.o
                0x08001924                PendSV_Handler
 .text.SysTick_Handler
                0x08001932        0xc ./Core/Src/stm32f4xx_it.o
                0x08001932                SysTick_Handler
 *fill*         0x0800193e        0x2 
 .text._sbrk    0x08001940       0x6c ./Core/Src/sysmem.o
                0x08001940                _sbrk
 .text.SystemInit
                0x080019ac       0x24 ./Core/Src/system_stm32f4xx.o
                0x080019ac                SystemInit
 .text.Reset_Handler
                0x080019d0       0x50 ./Core/Startup/startup_stm32f446retx.o
                0x080019d0                Reset_Handler
 .text.Default_Handler
                0x08001a20        0x2 ./Core/Startup/startup_stm32f446retx.o
                0x08001a20                RTC_Alarm_IRQHandler
                0x08001a20                EXTI2_IRQHandler
                0x08001a20                TIM8_CC_IRQHandler
                0x08001a20                FMPI2C1_EV_IRQHandler
                0x08001a20                SPI4_IRQHandler
                0x08001a20                TIM1_CC_IRQHandler
                0x08001a20                DMA2_Stream5_IRQHandler
                0x08001a20                DMA1_Stream5_IRQHandler
                0x08001a20                PVD_IRQHandler
                0x08001a20                SDIO_IRQHandler
                0x08001a20                TAMP_STAMP_IRQHandler
                0x08001a20                CAN2_RX1_IRQHandler
                0x08001a20                EXTI3_IRQHandler
                0x08001a20                TIM8_TRG_COM_TIM14_IRQHandler
                0x08001a20                TIM1_UP_TIM10_IRQHandler
                0x08001a20                TIM8_UP_TIM13_IRQHandler
                0x08001a20                I2C3_ER_IRQHandler
                0x08001a20                EXTI0_IRQHandler
                0x08001a20                I2C2_EV_IRQHandler
                0x08001a20                DMA1_Stream2_IRQHandler
                0x08001a20                CAN1_RX0_IRQHandler
                0x08001a20                FPU_IRQHandler
                0x08001a20                OTG_HS_WKUP_IRQHandler
                0x08001a20                CAN2_SCE_IRQHandler
                0x08001a20                DMA2_Stream2_IRQHandler
                0x08001a20                SPI1_IRQHandler
                0x08001a20                TIM6_DAC_IRQHandler
                0x08001a20                TIM1_BRK_TIM9_IRQHandler
                0x08001a20                DCMI_IRQHandler
                0x08001a20                CAN2_RX0_IRQHandler
                0x08001a20                DMA2_Stream3_IRQHandler
                0x08001a20                SAI2_IRQHandler
                0x08001a20                USART6_IRQHandler
                0x08001a20                USART3_IRQHandler
                0x08001a20                CAN1_RX1_IRQHandler
                0x08001a20                UART5_IRQHandler
                0x08001a20                DMA2_Stream0_IRQHandler
                0x08001a20                TIM4_IRQHandler
                0x08001a20                QUADSPI_IRQHandler
                0x08001a20                I2C1_EV_IRQHandler
                0x08001a20                DMA1_Stream6_IRQHandler
                0x08001a20                DMA1_Stream1_IRQHandler
                0x08001a20                UART4_IRQHandler
                0x08001a20                TIM3_IRQHandler
                0x08001a20                RCC_IRQHandler
                0x08001a20                TIM8_BRK_TIM12_IRQHandler
                0x08001a20                Default_Handler
                0x08001a20                CEC_IRQHandler
                0x08001a20                EXTI15_10_IRQHandler
                0x08001a20                ADC_IRQHandler
                0x08001a20                DMA1_Stream7_IRQHandler
                0x08001a20                TIM7_IRQHandler
                0x08001a20                CAN2_TX_IRQHandler
                0x08001a20                TIM5_IRQHandler
                0x08001a20                DMA2_Stream7_IRQHandler
                0x08001a20                I2C3_EV_IRQHandler
                0x08001a20                EXTI9_5_IRQHandler
                0x08001a20                RTC_WKUP_IRQHandler
                0x08001a20                SPDIF_RX_IRQHandler
                0x08001a20                SPI2_IRQHandler
                0x08001a20                OTG_HS_EP1_IN_IRQHandler
                0x08001a20                DMA1_Stream0_IRQHandler
                0x08001a20                CAN1_TX_IRQHandler
                0x08001a20                FMPI2C1_ER_IRQHandler
                0x08001a20                EXTI4_IRQHandler
                0x08001a20                OTG_HS_EP1_OUT_IRQHandler
                0x08001a20                WWDG_IRQHandler
                0x08001a20                TIM2_IRQHandler
                0x08001a20                OTG_FS_WKUP_IRQHandler
                0x08001a20                TIM1_TRG_COM_TIM11_IRQHandler
                0x08001a20                OTG_HS_IRQHandler
                0x08001a20                EXTI1_IRQHandler
                0x08001a20                USART2_IRQHandler
                0x08001a20                I2C2_ER_IRQHandler
                0x08001a20                DMA2_Stream1_IRQHandler
                0x08001a20                CAN1_SCE_IRQHandler
                0x08001a20                FLASH_IRQHandler
                0x08001a20                DMA2_Stream4_IRQHandler
                0x08001a20                USART1_IRQHandler
                0x08001a20                OTG_FS_IRQHandler
                0x08001a20                SPI3_IRQHandler
                0x08001a20                DMA1_Stream4_IRQHandler
                0x08001a20                I2C1_ER_IRQHandler
                0x08001a20                FMC_IRQHandler
                0x08001a20                DMA2_Stream6_IRQHandler
                0x08001a20                SAI1_IRQHandler
                0x08001a20                DMA1_Stream3_IRQHandler
 *fill*         0x08001a22        0x2 
 .text.HAL_Init
                0x08001a24       0x44 ./Drivers/STM32F4xx_HAL_Driver/Src/stm32f4xx_hal.o
                0x08001a24                HAL_Init
 .text.HAL_InitTick
                0x08001a68       0x60 ./Drivers/STM32F4xx_HAL_Driver/Src/stm32f4xx_hal.o
                0x08001a68                HAL_InitTick
 .text.HAL_IncTick
                0x08001ac8       0x28 ./Drivers/STM32F4xx_HAL_Driver/Src/stm32f4xx_hal.o
                0x08001ac8                HAL_IncTick
 .text.HAL_GetTick
                0x08001af0       0x18 ./Drivers/STM32F4xx_HAL_Driver/Src/stm32f4xx_hal.o
                0x08001af0                HAL_GetTick
 .text.__NVIC_SetPriorityGrouping
                0x08001b08       0x48 ./Drivers/STM32F4xx_HAL_Driver/Src/stm32f4xx_hal_cortex.o
 .text.__NVIC_GetPriorityGrouping
                0x08001b50       0x1c ./Drivers/STM32F4xx_HAL_Driver/Src/stm32f4xx_hal_cortex.o
 .text.__NVIC_SetPriority
                0x08001b6c       0x54 ./Drivers/STM32F4xx_HAL_Driver/Src/stm32f4xx_hal_cortex.o
 .text.NVIC_EncodePriority
                0x08001bc0       0x66 ./Drivers/STM32F4xx_HAL_Driver/Src/stm32f4xx_hal_cortex.o
 *fill*         0x08001c26        0x2 
 .text.SysTick_Config
                0x08001c28       0x44 ./Drivers/STM32F4xx_HAL_Driver/Src/stm32f4xx_hal_cortex.o
 .text.HAL_NVIC_SetPriorityGrouping
                0x08001c6c       0x16 ./Drivers/STM32F4xx_HAL_Driver/Src/stm32f4xx_hal_cortex.o
                0x08001c6c                HAL_NVIC_SetPriorityGrouping
 .text.HAL_NVIC_SetPriority
                0x08001c82       0x38 ./Drivers/STM32F4xx_HAL_Driver/Src/stm32f4xx_hal_cortex.o
                0x08001c82                HAL_NVIC_SetPriority
 .text.HAL_SYSTICK_Config
                0x08001cba       0x18 ./Drivers/STM32F4xx_HAL_Driver/Src/stm32f4xx_hal_cortex.o
                0x08001cba                HAL_SYSTICK_Config
 .text.HAL_CRC_Init
                0x08001cd2       0x38 ./Drivers/STM32F4xx_HAL_Driver/Src/stm32f4xx_hal_crc.o
                0x08001cd2                HAL_CRC_Init
 *fill*         0x08001d0a        0x2 
 .text.HAL_GPIO_Init
                0x08001d0c      0x328 ./Drivers/STM32F4xx_HAL_Driver/Src/stm32f4xx_hal_gpio.o
                0x08001d0c                HAL_GPIO_Init
 .text.HAL_GPIO_WritePin
                0x08002034       0x32 ./Drivers/STM32F4xx_HAL_Driver/Src/stm32f4xx_hal_gpio.o
                0x08002034                HAL_GPIO_WritePin
 *fill*         0x08002066        0x2 
 .text.HAL_PWREx_EnableOverDrive
                0x08002068       0xa0 ./Drivers/STM32F4xx_HAL_Driver/Src/stm32f4xx_hal_pwr_ex.o
                0x08002068                HAL_PWREx_EnableOverDrive
 .text.HAL_RCC_ClockConfig
                0x08002108      0x1cc ./Drivers/STM32F4xx_HAL_Driver/Src/stm32f4xx_hal_rcc.o
                0x08002108                HAL_RCC_ClockConfig
 .text.HAL_RCC_GetHCLKFreq
                0x080022d4       0x18 ./Drivers/STM32F4xx_HAL_Driver/Src/stm32f4xx_hal_rcc.o
                0x080022d4                HAL_RCC_GetHCLKFreq
 .text.HAL_RCC_GetPCLK1Freq
                0x080022ec       0x28 ./Drivers/STM32F4xx_HAL_Driver/Src/stm32f4xx_hal_rcc.o
                0x080022ec                HAL_RCC_GetPCLK1Freq
 .text.HAL_RCC_GetPCLK2Freq
                0x08002314       0x28 ./Drivers/STM32F4xx_HAL_Driver/Src/stm32f4xx_hal_rcc.o
                0x08002314                HAL_RCC_GetPCLK2Freq
 .text.HAL_RCC_GetSysClockFreq
                0x0800233c      0x460 ./Drivers/STM32F4xx_HAL_Driver/Src/stm32f4xx_hal_rcc_ex.o
                0x0800233c                HAL_RCC_GetSysClockFreq
 .text.HAL_RCC_OscConfig
                0x0800279c      0x53c ./Drivers/STM32F4xx_HAL_Driver/Src/stm32f4xx_hal_rcc_ex.o
                0x0800279c                HAL_RCC_OscConfig
 .text.HAL_UART_Init
                0x08002cd8       0xa0 ./Drivers/STM32F4xx_HAL_Driver/Src/stm32f4xx_hal_uart.o
                0x08002cd8                HAL_UART_Init
 .text.HAL_UART_Transmit
                0x08002d78      0x116 ./Drivers/STM32F4xx_HAL_Driver/Src/stm32f4xx_hal_uart.o
                0x08002d78                HAL_UART_Transmit
 .text.UART_WaitOnFlagUntilTimeout
                0x08002e8e       0xb2 ./Drivers/STM32F4xx_HAL_Driver/Src/stm32f4xx_hal_uart.o
 .text.UART_EndRxTransfer
                0x08002f40       0xc6 ./Drivers/STM32F4xx_HAL_Driver/Src/stm32f4xx_hal_uart.o
 *fill*         0x08003006        0x2 
 .text.UART_SetConfig
                0x08003008      0x4e8 ./Drivers/STM32F4xx_HAL_Driver/Src/stm32f4xx_hal_uart.o
 .text.sprintf  0x080034f0       0x40 S:/ST/STM32CubeIDE_1.15.1/STM32CubeIDE/plugins/com.st.stm32cube.ide.mcu.externaltools.gnu-tools-for-stm32.12.3.rel1.win32_1.0.100.202403111256/tools/bin/../lib/gcc/arm-none-eabi/12.3.1/../../../../arm-none-eabi/lib/thumb/v7e-m+fp/hard\libc_nano.a(libc_a-sprintf.o)
                0x080034f0                siprintf
                0x080034f0                sprintf
 .text.memset   0x08003530       0x10 S:/ST/STM32CubeIDE_1.15.1/STM32CubeIDE/plugins/com.st.stm32cube.ide.mcu.externaltools.gnu-tools-for-stm32.12.3.rel1.win32_1.0.100.202403111256/tools/bin/../lib/gcc/arm-none-eabi/12.3.1/../../../../arm-none-eabi/lib/thumb/v7e-m+fp/hard\libc_nano.a(libc_a-memset.o)
                0x08003530                memset
 .text.__errno  0x08003540        0xc S:/ST/STM32CubeIDE_1.15.1/STM32CubeIDE/plugins/com.st.stm32cube.ide.mcu.externaltools.gnu-tools-for-stm32.12.3.rel1.win32_1.0.100.202403111256/tools/bin/../lib/gcc/arm-none-eabi/12.3.1/../../../../arm-none-eabi/lib/thumb/v7e-m+fp/hard\libc_nano.a(libc_a-errno.o)
                0x08003540                __errno
 .text.__libc_init_array
                0x0800354c       0x48 S:/ST/STM32CubeIDE_1.15.1/STM32CubeIDE/plugins/com.st.stm32cube.ide.mcu.externaltools.gnu-tools-for-stm32.12.3.rel1.win32_1.0.100.202403111256/tools/bin/../lib/gcc/arm-none-eabi/12.3.1/../../../../arm-none-eabi/lib/thumb/v7e-m+fp/hard\libc_nano.a(libc_a-init.o)
                0x0800354c                __libc_init_array
 .text.__retarget_lock_acquire_recursive
                0x08003594        0x2 S:/ST/STM32CubeIDE_1.15.1/STM32CubeIDE/plugins/com.st.stm32cube.ide.mcu.externaltools.gnu-tools-for-stm32.12.3.rel1.win32_1.0.100.202403111256/tools/bin/../lib/gcc/arm-none-eabi/12.3.1/../../../../arm-none-eabi/lib/thumb/v7e-m+fp/hard\libc_nano.a(libc_a-lock.o)
                0x08003594                __retarget_lock_acquire_recursive
 .text.__retarget_lock_release_recursive
                0x08003596        0x2 S:/ST/STM32CubeIDE_1.15.1/STM32CubeIDE/plugins/com.st.stm32cube.ide.mcu.externaltools.gnu-tools-for-stm32.12.3.rel1.win32_1.0.100.202403111256/tools/bin/../lib/gcc/arm-none-eabi/12.3.1/../../../../arm-none-eabi/lib/thumb/v7e-m+fp/hard\libc_nano.a(libc_a-lock.o)
                0x08003596                __retarget_lock_release_recursive
 .text.memcpy   0x08003598       0x1c S:/ST/STM32CubeIDE_1.15.1/STM32CubeIDE/plugins/com.st.stm32cube.ide.mcu.externaltools.gnu-tools-for-stm32.12.3.rel1.win32_1.0.100.202403111256/tools/bin/../lib/gcc/arm-none-eabi/12.3.1/../../../../arm-none-eabi/lib/thumb/v7e-m+fp/hard\libc_nano.a(libc_a-memcpy-stub.o)
                0x08003598                memcpy
 .text._free_r  0x080035b4       0x94 S:/ST/STM32CubeIDE_1.15.1/STM32CubeIDE/plugins/com.st.stm32cube.ide.mcu.externaltools.gnu-tools-for-stm32.12.3.rel1.win32_1.0.100.202403111256/tools/bin/../lib/gcc/arm-none-eabi/12.3.1/../../../../arm-none-eabi/lib/thumb/v7e-m+fp/hard\libc_nano.a(libc_a-freer.o)
                0x080035b4                _free_r
 .text.sbrk_aligned
                0x08003648       0x44 S:/ST/STM32CubeIDE_1.15.1/STM32CubeIDE/plugins/com.st.stm32cube.ide.mcu.externaltools.gnu-tools-for-stm32.12.3.rel1.win32_1.0.100.202403111256/tools/bin/../lib/gcc/arm-none-eabi/12.3.1/../../../../arm-none-eabi/lib/thumb/v7e-m+fp/hard\libc_nano.a(libc_a-mallocr.o)
 .text._malloc_r
                0x0800368c      0x100 S:/ST/STM32CubeIDE_1.15.1/STM32CubeIDE/plugins/com.st.stm32cube.ide.mcu.externaltools.gnu-tools-for-stm32.12.3.rel1.win32_1.0.100.202403111256/tools/bin/../lib/gcc/arm-none-eabi/12.3.1/../../../../arm-none-eabi/lib/thumb/v7e-m+fp/hard\libc_nano.a(libc_a-mallocr.o)
                0x0800368c                _malloc_r
 .text.__malloc_lock
                0x0800378c        0xc S:/ST/STM32CubeIDE_1.15.1/STM32CubeIDE/plugins/com.st.stm32cube.ide.mcu.externaltools.gnu-tools-for-stm32.12.3.rel1.win32_1.0.100.202403111256/tools/bin/../lib/gcc/arm-none-eabi/12.3.1/../../../../arm-none-eabi/lib/thumb/v7e-m+fp/hard\libc_nano.a(libc_a-mlock.o)
                0x0800378c                __malloc_lock
 .text.__malloc_unlock
                0x08003798        0xc S:/ST/STM32CubeIDE_1.15.1/STM32CubeIDE/plugins/com.st.stm32cube.ide.mcu.externaltools.gnu-tools-for-stm32.12.3.rel1.win32_1.0.100.202403111256/tools/bin/../lib/gcc/arm-none-eabi/12.3.1/../../../../arm-none-eabi/lib/thumb/v7e-m+fp/hard\libc_nano.a(libc_a-mlock.o)
                0x08003798                __malloc_unlock
 .text.__ssputs_r
                0x080037a4       0xb6 S:/ST/STM32CubeIDE_1.15.1/STM32CubeIDE/plugins/com.st.stm32cube.ide.mcu.externaltools.gnu-tools-for-stm32.12.3.rel1.win32_1.0.100.202403111256/tools/bin/../lib/gcc/arm-none-eabi/12.3.1/../../../../arm-none-eabi/lib/thumb/v7e-m+fp/hard\libc_nano.a(libc_a-nano-svfprintf.o)
                0x080037a4                __ssputs_r
 *fill*         0x0800385a        0x2 
 .text._svfprintf_r
                0x0800385c      0x1f8 S:/ST/STM32CubeIDE_1.15.1/STM32CubeIDE/plugins/com.st.stm32cube.ide.mcu.externaltools.gnu-tools-for-stm32.12.3.rel1.win32_1.0.100.202403111256/tools/bin/../lib/gcc/arm-none-eabi/12.3.1/../../../../arm-none-eabi/lib/thumb/v7e-m+fp/hard\libc_nano.a(libc_a-nano-svfprintf.o)
                0x0800385c                _svfiprintf_r
                0x0800385c                _svfprintf_r
 .text._printf_common
                0x08003a54       0xda S:/ST/STM32CubeIDE_1.15.1/STM32CubeIDE/plugins/com.st.stm32cube.ide.mcu.externaltools.gnu-tools-for-stm32.12.3.rel1.win32_1.0.100.202403111256/tools/bin/../lib/gcc/arm-none-eabi/12.3.1/../../../../arm-none-eabi/lib/thumb/v7e-m+fp/hard\libc_nano.a(libc_a-nano-vfprintf_i.o)
                0x08003a54                _printf_common
 *fill*         0x08003b2e        0x2 
 .text._printf_i
                0x08003b30      0x240 S:/ST/STM32CubeIDE_1.15.1/STM32CubeIDE/plugins/com.st.stm32cube.ide.mcu.externaltools.gnu-tools-for-stm32.12.3.rel1.win32_1.0.100.202403111256/tools/bin/../lib/gcc/arm-none-eabi/12.3.1/../../../../arm-none-eabi/lib/thumb/v7e-m+fp/hard\libc_nano.a(libc_a-nano-vfprintf_i.o)
                0x08003b30                _printf_i
 .text.memmove  0x08003d70       0x34 S:/ST/STM32CubeIDE_1.15.1/STM32CubeIDE/plugins/com.st.stm32cube.ide.mcu.externaltools.gnu-tools-for-stm32.12.3.rel1.win32_1.0.100.202403111256/tools/bin/../lib/gcc/arm-none-eabi/12.3.1/../../../../arm-none-eabi/lib/thumb/v7e-m+fp/hard\libc_nano.a(libc_a-memmove.o)
                0x08003d70                memmove
 .text._sbrk_r  0x08003da4       0x20 S:/ST/STM32CubeIDE_1.15.1/STM32CubeIDE/plugins/com.st.stm32cube.ide.mcu.externaltools.gnu-tools-for-stm32.12.3.rel1.win32_1.0.100.202403111256/tools/bin/../lib/gcc/arm-none-eabi/12.3.1/../../../../arm-none-eabi/lib/thumb/v7e-m+fp/hard\libc_nano.a(libc_a-sbrkr.o)
                0x08003da4                _sbrk_r
 .text._realloc_r
                0x08003dc4       0x5c S:/ST/STM32CubeIDE_1.15.1/STM32CubeIDE/plugins/com.st.stm32cube.ide.mcu.externaltools.gnu-tools-for-stm32.12.3.rel1.win32_1.0.100.202403111256/tools/bin/../lib/gcc/arm-none-eabi/12.3.1/../../../../arm-none-eabi/lib/thumb/v7e-m+fp/hard\libc_nano.a(libc_a-reallocr.o)
                0x08003dc4                _realloc_r
 .text._malloc_usable_size_r
                0x08003e20       0x10 S:/ST/STM32CubeIDE_1.15.1/STM32CubeIDE/plugins/com.st.stm32cube.ide.mcu.externaltools.gnu-tools-for-stm32.12.3.rel1.win32_1.0.100.202403111256/tools/bin/../lib/gcc/arm-none-eabi/12.3.1/../../../../arm-none-eabi/lib/thumb/v7e-m+fp/hard\libc_nano.a(libc_a-msizer.o)
                0x08003e20                _malloc_usable_size_r
 *(.glue_7)
 .glue_7        0x08003e30        0x0 linker stubs
 *(.glue_7t)
 .glue_7t       0x08003e30        0x0 linker stubs
 *(.eh_frame)
 .eh_frame      0x08003e30        0x0 S:/ST/STM32CubeIDE_1.15.1/STM32CubeIDE/plugins/com.st.stm32cube.ide.mcu.externaltools.gnu-tools-for-stm32.12.3.rel1.win32_1.0.100.202403111256/tools/bin/../lib/gcc/arm-none-eabi/12.3.1/thumb/v7e-m+fp/hard/crtbegin.o
 *(.init)
 .init          0x08003e30        0x4 S:/ST/STM32CubeIDE_1.15.1/STM32CubeIDE/plugins/com.st.stm32cube.ide.mcu.externaltools.gnu-tools-for-stm32.12.3.rel1.win32_1.0.100.202403111256/tools/bin/../lib/gcc/arm-none-eabi/12.3.1/thumb/v7e-m+fp/hard/crti.o
                0x08003e30                _init
 .init          0x08003e34        0x8 S:/ST/STM32CubeIDE_1.15.1/STM32CubeIDE/plugins/com.st.stm32cube.ide.mcu.externaltools.gnu-tools-for-stm32.12.3.rel1.win32_1.0.100.202403111256/tools/bin/../lib/gcc/arm-none-eabi/12.3.1/thumb/v7e-m+fp/hard/crtn.o
 *(.fini)
 .fini          0x08003e3c        0x4 S:/ST/STM32CubeIDE_1.15.1/STM32CubeIDE/plugins/com.st.stm32cube.ide.mcu.externaltools.gnu-tools-for-stm32.12.3.rel1.win32_1.0.100.202403111256/tools/bin/../lib/gcc/arm-none-eabi/12.3.1/thumb/v7e-m+fp/hard/crti.o
                0x08003e3c                _fini
 .fini          0x08003e40        0x8 S:/ST/STM32CubeIDE_1.15.1/STM32CubeIDE/plugins/com.st.stm32cube.ide.mcu.externaltools.gnu-tools-for-stm32.12.3.rel1.win32_1.0.100.202403111256/tools/bin/../lib/gcc/arm-none-eabi/12.3.1/thumb/v7e-m+fp/hard/crtn.o
                0x08003e48                        . = ALIGN (0x4)
                0x08003e48                        _etext = .

.vfp11_veneer   0x08003e48        0x0
 .vfp11_veneer  0x08003e48        0x0 linker stubs

.v4_bx          0x08003e48        0x0
 .v4_bx         0x08003e48        0x0 linker stubs

.iplt           0x08003e48        0x0
 .iplt          0x08003e48        0x0 S:/ST/STM32CubeIDE_1.15.1/STM32CubeIDE/plugins/com.st.stm32cube.ide.mcu.externaltools.gnu-tools-for-stm32.12.3.rel1.win32_1.0.100.202403111256/tools/bin/../lib/gcc/arm-none-eabi/12.3.1/thumb/v7e-m+fp/hard/crtbegin.o

.rodata         0x08003e48      0x2c4
                0x08003e48                        . = ALIGN (0x4)
 *(.rodata)
 .rodata        0x08003e48       0x69 ./Core/Src/main.o
 *(.rodata*)
 *fill*         0x08003eb1        0x3 
 .rodata.sbox   0x08003eb4      0x100 ./Core/Src/aes.o
 .rodata.rsbox  0x08003fb4      0x100 ./Core/Src/aes.o
 .rodata.Rcon   0x080040b4        0xb ./Core/Src/aes.o
 *fill*         0x080040bf        0x1 
 .rodata.AHBPrescTable
                0x080040c0       0x10 ./Core/Src/system_stm32f4xx.o
                0x080040c0                AHBPrescTable
 .rodata.APBPrescTable
                0x080040d0        0x8 ./Core/Src/system_stm32f4xx.o
                0x080040d0                APBPrescTable
 .rodata._svfprintf_r.str1.1
                0x080040d8       0x11 S:/ST/STM32CubeIDE_1.15.1/STM32CubeIDE/plugins/com.st.stm32cube.ide.mcu.externaltools.gnu-tools-for-stm32.12.3.rel1.win32_1.0.100.202403111256/tools/bin/../lib/gcc/arm-none-eabi/12.3.1/../../../../arm-none-eabi/lib/thumb/v7e-m+fp/hard\libc_nano.a(libc_a-nano-svfprintf.o)
 .rodata._printf_i.str1.1
                0x080040e9       0x22 S:/ST/STM32CubeIDE_1.15.1/STM32CubeIDE/plugins/com.st.stm32cube.ide.mcu.externaltools.gnu-tools-for-stm32.12.3.rel1.win32_1.0.100.202403111256/tools/bin/../lib/gcc/arm-none-eabi/12.3.1/../../../../arm-none-eabi/lib/thumb/v7e-m+fp/hard\libc_nano.a(libc_a-nano-vfprintf_i.o)
                0x0800410c                        . = ALIGN (0x4)
 *fill*         0x0800410b        0x1 

.ARM.extab      0x0800410c        0x0
                0x0800410c                        . = ALIGN (0x4)
 *(.ARM.extab* .gnu.linkonce.armextab.*)
                0x0800410c                        . = ALIGN (0x4)

.ARM            0x0800410c        0x8
                0x0800410c                        . = ALIGN (0x4)
                0x0800410c                        __exidx_start = .
 *(.ARM.exidx*)
 .ARM.exidx     0x0800410c        0x8 S:/ST/STM32CubeIDE_1.15.1/STM32CubeIDE/plugins/com.st.stm32cube.ide.mcu.externaltools.gnu-tools-for-stm32.12.3.rel1.win32_1.0.100.202403111256/tools/bin/../lib/gcc/arm-none-eabi/12.3.1/../../../../arm-none-eabi/lib/thumb/v7e-m+fp/hard\libc_nano.a(libc_a-strlen.o)
 .ARM.exidx     0x08004114        0x0 S:/ST/STM32CubeIDE_1.15.1/STM32CubeIDE/plugins/com.st.stm32cube.ide.mcu.externaltools.gnu-tools-for-stm32.12.3.rel1.win32_1.0.100.202403111256/tools/bin/../lib/gcc/arm-none-eabi/12.3.1/../../../../arm-none-eabi/lib/thumb/v7e-m+fp/hard\libc_nano.a(libc_a-memchr.o)
                                  0x8 (size before relaxing)
 .ARM.exidx     0x08004114        0x0 S:/ST/STM32CubeIDE_1.15.1/STM32CubeIDE/plugins/com.st.stm32cube.ide.mcu.externaltools.gnu-tools-for-stm32.12.3.rel1.win32_1.0.100.202403111256/tools/bin/../lib/gcc/arm-none-eabi/12.3.1/thumb/v7e-m+fp/hard\libgcc.a(_udivmoddi4.o)
                                  0x8 (size before relaxing)
                0x08004114                        __exidx_end = .
                0x08004114                        . = ALIGN (0x4)

.preinit_array  0x08004114        0x0
                0x08004114                        . = ALIGN (0x4)
                0x08004114                        PROVIDE (__preinit_array_start = .)
 *(.preinit_array*)
                0x08004114                        PROVIDE (__preinit_array_end = .)
                0x08004114                        . = ALIGN (0x4)

.init_array     0x08004114        0x4
                0x08004114                        . = ALIGN (0x4)
                0x08004114                        PROVIDE (__init_array_start = .)
 *(SORT_BY_NAME(.init_array.*))
 *(.init_array*)
 .init_array    0x08004114        0x4 S:/ST/STM32CubeIDE_1.15.1/STM32CubeIDE/plugins/com.st.stm32cube.ide.mcu.externaltools.gnu-tools-for-stm32.12.3.rel1.win32_1.0.100.202403111256/tools/bin/../lib/gcc/arm-none-eabi/12.3.1/thumb/v7e-m+fp/hard/crtbegin.o
                0x08004118                        PROVIDE (__init_array_end = .)
                0x08004118                        . = ALIGN (0x4)

.fini_array     0x08004118        0x4
                0x08004118                        . = ALIGN (0x4)
                [!provide]                        PROVIDE (__fini_array_start = .)
 *(SORT_BY_NAME(.fini_array.*))
 *(.fini_array*)
 .fini_array    0x08004118        0x4 S:/ST/STM32CubeIDE_1.15.1/STM32CubeIDE/plugins/com.st.stm32cube.ide.mcu.externaltools.gnu-tools-for-stm32.12.3.rel1.win32_1.0.100.202403111256/tools/bin/../lib/gcc/arm-none-eabi/12.3.1/thumb/v7e-m+fp/hard/crtbegin.o
                [!provide]                        PROVIDE (__fini_array_end = .)
                0x0800411c                        . = ALIGN (0x4)
                0x0800411c                        _sidata = LOADADDR (.data)

.rel.dyn        0x0800411c        0x0
 .rel.iplt      0x0800411c        0x0 S:/ST/STM32CubeIDE_1.15.1/STM32CubeIDE/plugins/com.st.stm32cube.ide.mcu.externaltools.gnu-tools-for-stm32.12.3.rel1.win32_1.0.100.202403111256/tools/bin/../lib/gcc/arm-none-eabi/12.3.1/thumb/v7e-m+fp/hard/crtbegin.o

.data           0x20000000       0x9c load address 0x0800411c
                0x20000000                        . = ALIGN (0x4)
                0x20000000                        _sdata = .
 *(.data)
 *(.data*)
 .data.key      0x20000000       0x10 ./Core/Src/main.o
                0x20000000                key
 .data.in_dec   0x20000010       0x10 ./Core/Src/main.o
                0x20000010                in_dec
 .data.iv       0x20000020       0x10 ./Core/Src/main.o
                0x20000020                iv
 .data.in       0x20000030       0x10 ./Core/Src/main.o
                0x20000030                in
 .data.SystemCoreClock
                0x20000040        0x4 ./Core/Src/system_stm32f4xx.o
                0x20000040                SystemCoreClock
 .data.uwTickPrio
                0x20000044        0x4 ./Drivers/STM32F4xx_HAL_Driver/Src/stm32f4xx_hal.o
                0x20000044                uwTickPrio
 .data.uwTickFreq
                0x20000048        0x1 ./Drivers/STM32F4xx_HAL_Driver/Src/stm32f4xx_hal.o
                0x20000048                uwTickFreq
 *fill*         0x20000049        0x3 
 .data._impure_ptr
                0x2000004c        0x4 S:/ST/STM32CubeIDE_1.15.1/STM32CubeIDE/plugins/com.st.stm32cube.ide.mcu.externaltools.gnu-tools-for-stm32.12.3.rel1.win32_1.0.100.202403111256/tools/bin/../lib/gcc/arm-none-eabi/12.3.1/../../../../arm-none-eabi/lib/thumb/v7e-m+fp/hard\libc_nano.a(libc_a-impure.o)
                0x2000004c                _impure_ptr
 .data._impure_data
                0x20000050       0x4c S:/ST/STM32CubeIDE_1.15.1/STM32CubeIDE/plugins/com.st.stm32cube.ide.mcu.externaltools.gnu-tools-for-stm32.12.3.rel1.win32_1.0.100.202403111256/tools/bin/../lib/gcc/arm-none-eabi/12.3.1/../../../../arm-none-eabi/lib/thumb/v7e-m+fp/hard\libc_nano.a(libc_a-impure.o)
                0x20000050                _impure_data
 *(.RamFunc)
 *(.RamFunc*)
                0x2000009c                        . = ALIGN (0x4)
                0x2000009c                        _edata = .

.igot.plt       0x2000009c        0x0 load address 0x080041b8
 .igot.plt      0x2000009c        0x0 S:/ST/STM32CubeIDE_1.15.1/STM32CubeIDE/plugins/com.st.stm32cube.ide.mcu.externaltools.gnu-tools-for-stm32.12.3.rel1.win32_1.0.100.202403111256/tools/bin/../lib/gcc/arm-none-eabi/12.3.1/thumb/v7e-m+fp/hard/crtbegin.o
                0x2000009c                        . = ALIGN (0x4)

.bss            0x2000009c      0x27c load address 0x080041b8
                0x2000009c                        _sbss = .
                0x2000009c                        __bss_start__ = _sbss
 *(.bss)
 .bss           0x2000009c       0x1c S:/ST/STM32CubeIDE_1.15.1/STM32CubeIDE/plugins/com.st.stm32cube.ide.mcu.externaltools.gnu-tools-for-stm32.12.3.rel1.win32_1.0.100.202403111256/tools/bin/../lib/gcc/arm-none-eabi/12.3.1/thumb/v7e-m+fp/hard/crtbegin.o
 *(.bss*)
 .bss.hcrc      0x200000b8        0x8 ./Core/Src/main.o
                0x200000b8                hcrc
 .bss.huart2    0x200000c0       0x48 ./Core/Src/main.o
                0x200000c0                huart2
 .bss.ctx       0x20000108       0xc0 ./Core/Src/main.o
                0x20000108                ctx
 .bss.__sbrk_heap_end
                0x200001c8        0x4 ./Core/Src/sysmem.o
 .bss.uwTick    0x200001cc        0x4 ./Drivers/STM32F4xx_HAL_Driver/Src/stm32f4xx_hal.o
                0x200001cc                uwTick
 .bss.__sf      0x200001d0      0x138 S:/ST/STM32CubeIDE_1.15.1/STM32CubeIDE/plugins/com.st.stm32cube.ide.mcu.externaltools.gnu-tools-for-stm32.12.3.rel1.win32_1.0.100.202403111256/tools/bin/../lib/gcc/arm-none-eabi/12.3.1/../../../../arm-none-eabi/lib/thumb/v7e-m+fp/hard\libc_nano.a(libc_a-findfp.o)
                0x200001d0                __sf
 .bss.errno     0x20000308        0x4 S:/ST/STM32CubeIDE_1.15.1/STM32CubeIDE/plugins/com.st.stm32cube.ide.mcu.externaltools.gnu-tools-for-stm32.12.3.rel1.win32_1.0.100.202403111256/tools/bin/../lib/gcc/arm-none-eabi/12.3.1/../../../../arm-none-eabi/lib/thumb/v7e-m+fp/hard\libc_nano.a(libc_a-reent.o)
                0x20000308                errno
 .bss.__lock___malloc_recursive_mutex
                0x2000030c        0x1 S:/ST/STM32CubeIDE_1.15.1/STM32CubeIDE/plugins/com.st.stm32cube.ide.mcu.externaltools.gnu-tools-for-stm32.12.3.rel1.win32_1.0.100.202403111256/tools/bin/../lib/gcc/arm-none-eabi/12.3.1/../../../../arm-none-eabi/lib/thumb/v7e-m+fp/hard\libc_nano.a(libc_a-lock.o)
                0x2000030c                __lock___malloc_recursive_mutex
 *fill*         0x2000030d        0x3 
 .bss.__malloc_sbrk_start
                0x20000310        0x4 S:/ST/STM32CubeIDE_1.15.1/STM32CubeIDE/plugins/com.st.stm32cube.ide.mcu.externaltools.gnu-tools-for-stm32.12.3.rel1.win32_1.0.100.202403111256/tools/bin/../lib/gcc/arm-none-eabi/12.3.1/../../../../arm-none-eabi/lib/thumb/v7e-m+fp/hard\libc_nano.a(libc_a-mallocr.o)
                0x20000310                __malloc_sbrk_start
 .bss.__malloc_free_list
                0x20000314        0x4 S:/ST/STM32CubeIDE_1.15.1/STM32CubeIDE/plugins/com.st.stm32cube.ide.mcu.externaltools.gnu-tools-for-stm32.12.3.rel1.win32_1.0.100.202403111256/tools/bin/../lib/gcc/arm-none-eabi/12.3.1/../../../../arm-none-eabi/lib/thumb/v7e-m+fp/hard\libc_nano.a(libc_a-mallocr.o)
                0x20000314                __malloc_free_list
 *(COMMON)
                0x20000318                        . = ALIGN (0x4)
                0x20000318                        _ebss = .
                0x20000318                        __bss_end__ = _ebss

._user_heap_stack
                0x20000318      0x600 load address 0x080041b8
                0x20000318                        . = ALIGN (0x8)
                [!provide]                        PROVIDE (end = .)
                0x20000318                        PROVIDE (_end = .)
                0x20000518                        . = (. + _Min_Heap_Size)
 *fill*         0x20000318      0x200 
                0x20000918                        . = (. + _Min_Stack_Size)
 *fill*         0x20000518      0x400 
                0x20000918                        . = ALIGN (0x8)

/DISCARD/
 libc.a(*)
 libm.a(*)
 libgcc.a(*)

.ARM.attributes
                0x00000000       0x30
 *(.ARM.attributes)
 .ARM.attributes
                0x00000000       0x22 S:/ST/STM32CubeIDE_1.15.1/STM32CubeIDE/plugins/com.st.stm32cube.ide.mcu.externaltools.gnu-tools-for-stm32.12.3.rel1.win32_1.0.100.202403111256/tools/bin/../lib/gcc/arm-none-eabi/12.3.1/thumb/v7e-m+fp/hard/crti.o
 .ARM.attributes
                0x00000022       0x34 S:/ST/STM32CubeIDE_1.15.1/STM32CubeIDE/plugins/com.st.stm32cube.ide.mcu.externaltools.gnu-tools-for-stm32.12.3.rel1.win32_1.0.100.202403111256/tools/bin/../lib/gcc/arm-none-eabi/12.3.1/thumb/v7e-m+fp/hard/crtbegin.o
 .ARM.attributes
                0x00000056       0x34 ./Core/Src/aes.o
 .ARM.attributes
                0x0000008a       0x34 ./Core/Src/main.o
 .ARM.attributes
                0x000000be       0x34 ./Core/Src/stm32f4xx_hal_msp.o
 .ARM.attributes
                0x000000f2       0x34 ./Core/Src/stm32f4xx_it.o
 .ARM.attributes
                0x00000126       0x34 ./Core/Src/sysmem.o
 .ARM.attributes
                0x0000015a       0x34 ./Core/Src/system_stm32f4xx.o
 .ARM.attributes
                0x0000018e       0x21 ./Core/Startup/startup_stm32f446retx.o
 .ARM.attributes
                0x000001af       0x34 ./Drivers/STM32F4xx_HAL_Driver/Src/stm32f4xx_hal.o
 .ARM.attributes
                0x000001e3       0x34 ./Drivers/STM32F4xx_HAL_Driver/Src/stm32f4xx_hal_cortex.o
 .ARM.attributes
                0x00000217       0x34 ./Drivers/STM32F4xx_HAL_Driver/Src/stm32f4xx_hal_crc.o
 .ARM.attributes
                0x0000024b       0x34 ./Drivers/STM32F4xx_HAL_Driver/Src/stm32f4xx_hal_gpio.o
 .ARM.attributes
                0x0000027f       0x34 ./Drivers/STM32F4xx_HAL_Driver/Src/stm32f4xx_hal_pwr_ex.o
 .ARM.attributes
                0x000002b3       0x34 ./Drivers/STM32F4xx_HAL_Driver/Src/stm32f4xx_hal_rcc.o
 .ARM.attributes
                0x000002e7       0x34 ./Drivers/STM32F4xx_HAL_Driver/Src/stm32f4xx_hal_rcc_ex.o
 .ARM.attributes
                0x0000031b       0x34 ./Drivers/STM32F4xx_HAL_Driver/Src/stm32f4xx_hal_uart.o
 .ARM.attributes
                0x0000034f       0x34 S:/ST/STM32CubeIDE_1.15.1/STM32CubeIDE/plugins/com.st.stm32cube.ide.mcu.externaltools.gnu-tools-for-stm32.12.3.rel1.win32_1.0.100.202403111256/tools/bin/../lib/gcc/arm-none-eabi/12.3.1/../../../../arm-none-eabi/lib/thumb/v7e-m+fp/hard\libc_nano.a(libc_a-findfp.o)
 .ARM.attributes
                0x00000383       0x34 S:/ST/STM32CubeIDE_1.15.1/STM32CubeIDE/plugins/com.st.stm32cube.ide.mcu.externaltools.gnu-tools-for-stm32.12.3.rel1.win32_1.0.100.202403111256/tools/bin/../lib/gcc/arm-none-eabi/12.3.1/../../../../arm-none-eabi/lib/thumb/v7e-m+fp/hard\libc_nano.a(libc_a-sprintf.o)
 .ARM.attributes
                0x000003b7       0x34 S:/ST/STM32CubeIDE_1.15.1/STM32CubeIDE/plugins/com.st.stm32cube.ide.mcu.externaltools.gnu-tools-for-stm32.12.3.rel1.win32_1.0.100.202403111256/tools/bin/../lib/gcc/arm-none-eabi/12.3.1/../../../../arm-none-eabi/lib/thumb/v7e-m+fp/hard\libc_nano.a(libc_a-memset.o)
 .ARM.attributes
                0x000003eb       0x34 S:/ST/STM32CubeIDE_1.15.1/STM32CubeIDE/plugins/com.st.stm32cube.ide.mcu.externaltools.gnu-tools-for-stm32.12.3.rel1.win32_1.0.100.202403111256/tools/bin/../lib/gcc/arm-none-eabi/12.3.1/../../../../arm-none-eabi/lib/thumb/v7e-m+fp/hard\libc_nano.a(libc_a-reent.o)
 .ARM.attributes
                0x0000041f       0x34 S:/ST/STM32CubeIDE_1.15.1/STM32CubeIDE/plugins/com.st.stm32cube.ide.mcu.externaltools.gnu-tools-for-stm32.12.3.rel1.win32_1.0.100.202403111256/tools/bin/../lib/gcc/arm-none-eabi/12.3.1/../../../../arm-none-eabi/lib/thumb/v7e-m+fp/hard\libc_nano.a(libc_a-impure.o)
 .ARM.attributes
                0x00000453       0x34 S:/ST/STM32CubeIDE_1.15.1/STM32CubeIDE/plugins/com.st.stm32cube.ide.mcu.externaltools.gnu-tools-for-stm32.12.3.rel1.win32_1.0.100.202403111256/tools/bin/../lib/gcc/arm-none-eabi/12.3.1/../../../../arm-none-eabi/lib/thumb/v7e-m+fp/hard\libc_nano.a(libc_a-errno.o)
 .ARM.attributes
                0x00000487       0x34 S:/ST/STM32CubeIDE_1.15.1/STM32CubeIDE/plugins/com.st.stm32cube.ide.mcu.externaltools.gnu-tools-for-stm32.12.3.rel1.win32_1.0.100.202403111256/tools/bin/../lib/gcc/arm-none-eabi/12.3.1/../../../../arm-none-eabi/lib/thumb/v7e-m+fp/hard\libc_nano.a(libc_a-init.o)
 .ARM.attributes
                0x000004bb       0x34 S:/ST/STM32CubeIDE_1.15.1/STM32CubeIDE/plugins/com.st.stm32cube.ide.mcu.externaltools.gnu-tools-for-stm32.12.3.rel1.win32_1.0.100.202403111256/tools/bin/../lib/gcc/arm-none-eabi/12.3.1/../../../../arm-none-eabi/lib/thumb/v7e-m+fp/hard\libc_nano.a(libc_a-lock.o)
 .ARM.attributes
                0x000004ef       0x34 S:/ST/STM32CubeIDE_1.15.1/STM32CubeIDE/plugins/com.st.stm32cube.ide.mcu.externaltools.gnu-tools-for-stm32.12.3.rel1.win32_1.0.100.202403111256/tools/bin/../lib/gcc/arm-none-eabi/12.3.1/../../../../arm-none-eabi/lib/thumb/v7e-m+fp/hard\libc_nano.a(libc_a-memcpy-stub.o)
 .ARM.attributes
                0x00000523       0x17 S:/ST/STM32CubeIDE_1.15.1/STM32CubeIDE/plugins/com.st.stm32cube.ide.mcu.externaltools.gnu-tools-for-stm32.12.3.rel1.win32_1.0.100.202403111256/tools/bin/../lib/gcc/arm-none-eabi/12.3.1/../../../../arm-none-eabi/lib/thumb/v7e-m+fp/hard\libc_nano.a(libc_a-strlen.o)
 .ARM.attributes
                0x0000053a       0x34 S:/ST/STM32CubeIDE_1.15.1/STM32CubeIDE/plugins/com.st.stm32cube.ide.mcu.externaltools.gnu-tools-for-stm32.12.3.rel1.win32_1.0.100.202403111256/tools/bin/../lib/gcc/arm-none-eabi/12.3.1/../../../../arm-none-eabi/lib/thumb/v7e-m+fp/hard\libc_nano.a(libc_a-freer.o)
 .ARM.attributes
                0x0000056e       0x34 S:/ST/STM32CubeIDE_1.15.1/STM32CubeIDE/plugins/com.st.stm32cube.ide.mcu.externaltools.gnu-tools-for-stm32.12.3.rel1.win32_1.0.100.202403111256/tools/bin/../lib/gcc/arm-none-eabi/12.3.1/../../../../arm-none-eabi/lib/thumb/v7e-m+fp/hard\libc_nano.a(libc_a-mallocr.o)
 .ARM.attributes
                0x000005a2       0x34 S:/ST/STM32CubeIDE_1.15.1/STM32CubeIDE/plugins/com.st.stm32cube.ide.mcu.externaltools.gnu-tools-for-stm32.12.3.rel1.win32_1.0.100.202403111256/tools/bin/../lib/gcc/arm-none-eabi/12.3.1/../../../../arm-none-eabi/lib/thumb/v7e-m+fp/hard\libc_nano.a(libc_a-mlock.o)
 .ARM.attributes
                0x000005d6       0x34 S:/ST/STM32CubeIDE_1.15.1/STM32CubeIDE/plugins/com.st.stm32cube.ide.mcu.externaltools.gnu-tools-for-stm32.12.3.rel1.win32_1.0.100.202403111256/tools/bin/../lib/gcc/arm-none-eabi/12.3.1/../../../../arm-none-eabi/lib/thumb/v7e-m+fp/hard\libc_nano.a(libc_a-nano-svfprintf.o)
 .ARM.attributes
                0x0000060a       0x34 S:/ST/STM32CubeIDE_1.15.1/STM32CubeIDE/plugins/com.st.stm32cube.ide.mcu.externaltools.gnu-tools-for-stm32.12.3.rel1.win32_1.0.100.202403111256/tools/bin/../lib/gcc/arm-none-eabi/12.3.1/../../../../arm-none-eabi/lib/thumb/v7e-m+fp/hard\libc_nano.a(libc_a-nano-vfprintf_i.o)
 .ARM.attributes
                0x0000063e       0x34 S:/ST/STM32CubeIDE_1.15.1/STM32CubeIDE/plugins/com.st.stm32cube.ide.mcu.externaltools.gnu-tools-for-stm32.12.3.rel1.win32_1.0.100.202403111256/tools/bin/../lib/gcc/arm-none-eabi/12.3.1/../../../../arm-none-eabi/lib/thumb/v7e-m+fp/hard\libc_nano.a(libc_a-memmove.o)
 .ARM.attributes
                0x00000672       0x34 S:/ST/STM32CubeIDE_1.15.1/STM32CubeIDE/plugins/com.st.stm32cube.ide.mcu.externaltools.gnu-tools-for-stm32.12.3.rel1.win32_1.0.100.202403111256/tools/bin/../lib/gcc/arm-none-eabi/12.3.1/../../../../arm-none-eabi/lib/thumb/v7e-m+fp/hard\libc_nano.a(libc_a-sbrkr.o)
 .ARM.attributes
                0x000006a6       0x1c S:/ST/STM32CubeIDE_1.15.1/STM32CubeIDE/plugins/com.st.stm32cube.ide.mcu.externaltools.gnu-tools-for-stm32.12.3.rel1.win32_1.0.100.202403111256/tools/bin/../lib/gcc/arm-none-eabi/12.3.1/../../../../arm-none-eabi/lib/thumb/v7e-m+fp/hard\libc_nano.a(libc_a-memchr.o)
 .ARM.attributes
                0x000006c2       0x34 S:/ST/STM32CubeIDE_1.15.1/STM32CubeIDE/plugins/com.st.stm32cube.ide.mcu.externaltools.gnu-tools-for-stm32.12.3.rel1.win32_1.0.100.202403111256/tools/bin/../lib/gcc/arm-none-eabi/12.3.1/../../../../arm-none-eabi/lib/thumb/v7e-m+fp/hard\libc_nano.a(libc_a-reallocr.o)
 .ARM.attributes
                0x000006f6       0x34 S:/ST/STM32CubeIDE_1.15.1/STM32CubeIDE/plugins/com.st.stm32cube.ide.mcu.externaltools.gnu-tools-for-stm32.12.3.rel1.win32_1.0.100.202403111256/tools/bin/../lib/gcc/arm-none-eabi/12.3.1/../../../../arm-none-eabi/lib/thumb/v7e-m+fp/hard\libc_nano.a(libc_a-msizer.o)
 .ARM.attributes
                0x0000072a       0x22 S:/ST/STM32CubeIDE_1.15.1/STM32CubeIDE/plugins/com.st.stm32cube.ide.mcu.externaltools.gnu-tools-for-stm32.12.3.rel1.win32_1.0.100.202403111256/tools/bin/../lib/gcc/arm-none-eabi/12.3.1/thumb/v7e-m+fp/hard\libgcc.a(_aeabi_uldivmod.o)
 .ARM.attributes
                0x0000074c       0x34 S:/ST/STM32CubeIDE_1.15.1/STM32CubeIDE/plugins/com.st.stm32cube.ide.mcu.externaltools.gnu-tools-for-stm32.12.3.rel1.win32_1.0.100.202403111256/tools/bin/../lib/gcc/arm-none-eabi/12.3.1/thumb/v7e-m+fp/hard\libgcc.a(_udivmoddi4.o)
 .ARM.attributes
                0x00000780       0x22 S:/ST/STM32CubeIDE_1.15.1/STM32CubeIDE/plugins/com.st.stm32cube.ide.mcu.externaltools.gnu-tools-for-stm32.12.3.rel1.win32_1.0.100.202403111256/tools/bin/../lib/gcc/arm-none-eabi/12.3.1/thumb/v7e-m+fp/hard\libgcc.a(_dvmd_tls.o)
 .ARM.attributes
                0x000007a2       0x22 S:/ST/STM32CubeIDE_1.15.1/STM32CubeIDE/plugins/com.st.stm32cube.ide.mcu.externaltools.gnu-tools-for-stm32.12.3.rel1.win32_1.0.100.202403111256/tools/bin/../lib/gcc/arm-none-eabi/12.3.1/thumb/v7e-m+fp/hard/crtn.o
OUTPUT(crypto-benchmark-own.elf elf32-littlearm)
LOAD linker stubs
LOAD S:/ST/STM32CubeIDE_1.15.1/STM32CubeIDE/plugins/com.st.stm32cube.ide.mcu.externaltools.gnu-tools-for-stm32.12.3.rel1.win32_1.0.100.202403111256/tools/bin/../lib/gcc/arm-none-eabi/12.3.1/../../../../arm-none-eabi/lib/thumb/v7e-m+fp/hard\libc.a
LOAD S:/ST/STM32CubeIDE_1.15.1/STM32CubeIDE/plugins/com.st.stm32cube.ide.mcu.externaltools.gnu-tools-for-stm32.12.3.rel1.win32_1.0.100.202403111256/tools/bin/../lib/gcc/arm-none-eabi/12.3.1/../../../../arm-none-eabi/lib/thumb/v7e-m+fp/hard\libm.a
LOAD S:/ST/STM32CubeIDE_1.15.1/STM32CubeIDE/plugins/com.st.stm32cube.ide.mcu.externaltools.gnu-tools-for-stm32.12.3.rel1.win32_1.0.100.202403111256/tools/bin/../lib/gcc/arm-none-eabi/12.3.1/thumb/v7e-m+fp/hard\libgcc.a

.debug_info     0x00000000     0x935d
 .debug_info    0x00000000      0x750 ./Core/Src/aes.o
 .debug_info    0x00000750      0xfb6 ./Core/Src/main.o
 .debug_info    0x00001706      0xa5e ./Core/Src/stm32f4xx_hal_msp.o
 .debug_info    0x00002164      0x112 ./Core/Src/stm32f4xx_it.o
 .debug_info    0x00002276      0x168 ./Core/Src/sysmem.o
 .debug_info    0x000023de      0x54a ./Core/Src/system_stm32f4xx.o
 .debug_info    0x00002928       0x30 ./Core/Startup/startup_stm32f446retx.o
 .debug_info    0x00002958      0x99a ./Drivers/STM32F4xx_HAL_Driver/Src/stm32f4xx_hal.o
 .debug_info    0x000032f2      0xd75 ./Drivers/STM32F4xx_HAL_Driver/Src/stm32f4xx_hal_cortex.o
 .debug_info    0x00004067      0x37f ./Drivers/STM32F4xx_HAL_Driver/Src/stm32f4xx_hal_crc.o
 .debug_info    0x000043e6      0x70b ./Drivers/STM32F4xx_HAL_Driver/Src/stm32f4xx_hal_gpio.o
 .debug_info    0x00004af1      0x6da ./Drivers/STM32F4xx_HAL_Driver/Src/stm32f4xx_hal_pwr_ex.o
 .debug_info    0x000051cb      0x8ed ./Drivers/STM32F4xx_HAL_Driver/Src/stm32f4xx_hal_rcc.o
 .debug_info    0x00005ab8      0x956 ./Drivers/STM32F4xx_HAL_Driver/Src/stm32f4xx_hal_rcc_ex.o
 .debug_info    0x0000640e     0x2f4f ./Drivers/STM32F4xx_HAL_Driver/Src/stm32f4xx_hal_uart.o

.debug_abbrev   0x00000000     0x1b64
 .debug_abbrev  0x00000000      0x202 ./Core/Src/aes.o
 .debug_abbrev  0x00000202      0x2b8 ./Core/Src/main.o
 .debug_abbrev  0x000004ba      0x1df ./Core/Src/stm32f4xx_hal_msp.o
 .debug_abbrev  0x00000699       0x73 ./Core/Src/stm32f4xx_it.o
 .debug_abbrev  0x0000070c       0xbc ./Core/Src/sysmem.o
 .debug_abbrev  0x000007c8      0x11a ./Core/Src/system_stm32f4xx.o
 .debug_abbrev  0x000008e2       0x24 ./Core/Startup/startup_stm32f446retx.o
 .debug_abbrev  0x00000906      0x214 ./Drivers/STM32F4xx_HAL_Driver/Src/stm32f4xx_hal.o
 .debug_abbrev  0x00000b1a      0x328 ./Drivers/STM32F4xx_HAL_Driver/Src/stm32f4xx_hal_cortex.o
 .debug_abbrev  0x00000e42      0x1b1 ./Drivers/STM32F4xx_HAL_Driver/Src/stm32f4xx_hal_crc.o
 .debug_abbrev  0x00000ff3      0x1d4 ./Drivers/STM32F4xx_HAL_Driver/Src/stm32f4xx_hal_gpio.o
 .debug_abbrev  0x000011c7      0x1cf ./Drivers/STM32F4xx_HAL_Driver/Src/stm32f4xx_hal_pwr_ex.o
 .debug_abbrev  0x00001396      0x2b6 ./Drivers/STM32F4xx_HAL_Driver/Src/stm32f4xx_hal_rcc.o
 .debug_abbrev  0x0000164c      0x20a ./Drivers/STM32F4xx_HAL_Driver/Src/stm32f4xx_hal_rcc_ex.o
 .debug_abbrev  0x00001856      0x30e ./Drivers/STM32F4xx_HAL_Driver/Src/stm32f4xx_hal_uart.o

.debug_aranges  0x00000000      0x850
 .debug_aranges
                0x00000000       0xb8 ./Core/Src/aes.o
 .debug_aranges
                0x000000b8       0x68 ./Core/Src/main.o
 .debug_aranges
                0x00000120       0x40 ./Core/Src/stm32f4xx_hal_msp.o
 .debug_aranges
                0x00000160       0x60 ./Core/Src/stm32f4xx_it.o
 .debug_aranges
                0x000001c0       0x20 ./Core/Src/sysmem.o
 .debug_aranges
                0x000001e0       0x28 ./Core/Src/system_stm32f4xx.o
 .debug_aranges
                0x00000208       0x28 ./Core/Startup/startup_stm32f446retx.o
 .debug_aranges
                0x00000230       0xf0 ./Drivers/STM32F4xx_HAL_Driver/Src/stm32f4xx_hal.o
 .debug_aranges
                0x00000320      0x120 ./Drivers/STM32F4xx_HAL_Driver/Src/stm32f4xx_hal_cortex.o
 .debug_aranges
                0x00000440       0x50 ./Drivers/STM32F4xx_HAL_Driver/Src/stm32f4xx_hal_crc.o
 .debug_aranges
                0x00000490       0x58 ./Drivers/STM32F4xx_HAL_Driver/Src/stm32f4xx_hal_gpio.o
 .debug_aranges
                0x000004e8       0x60 ./Drivers/STM32F4xx_HAL_Driver/Src/stm32f4xx_hal_pwr_ex.o
 .debug_aranges
                0x00000548       0x88 ./Drivers/STM32F4xx_HAL_Driver/Src/stm32f4xx_hal_rcc.o
 .debug_aranges
                0x000005d0       0x78 ./Drivers/STM32F4xx_HAL_Driver/Src/stm32f4xx_hal_rcc_ex.o
 .debug_aranges
                0x00000648      0x208 ./Drivers/STM32F4xx_HAL_Driver/Src/stm32f4xx_hal_uart.o

.debug_rnglists
                0x00000000      0x64c
 .debug_rnglists
                0x00000000       0x8b ./Core/Src/aes.o
 .debug_rnglists
                0x0000008b       0x4c ./Core/Src/main.o
 .debug_rnglists
                0x000000d7       0x2c ./Core/Src/stm32f4xx_hal_msp.o
 .debug_rnglists
                0x00000103       0x43 ./Core/Src/stm32f4xx_it.o
 .debug_rnglists
                0x00000146       0x13 ./Core/Src/sysmem.o
 .debug_rnglists
                0x00000159       0x1a ./Core/Src/system_stm32f4xx.o
 .debug_rnglists
                0x00000173       0x19 ./Core/Startup/startup_stm32f446retx.o
 .debug_rnglists
                0x0000018c       0xaf ./Drivers/STM32F4xx_HAL_Driver/Src/stm32f4xx_hal.o
 .debug_rnglists
                0x0000023b       0xd4 ./Drivers/STM32F4xx_HAL_Driver/Src/stm32f4xx_hal_cortex.o
 .debug_rnglists
                0x0000030f       0x37 ./Drivers/STM32F4xx_HAL_Driver/Src/stm32f4xx_hal_crc.o
 .debug_rnglists
                0x00000346       0x3f ./Drivers/STM32F4xx_HAL_Driver/Src/stm32f4xx_hal_gpio.o
 .debug_rnglists
                0x00000385       0x47 ./Drivers/STM32F4xx_HAL_Driver/Src/stm32f4xx_hal_pwr_ex.o
 .debug_rnglists
                0x000003cc       0x66 ./Drivers/STM32F4xx_HAL_Driver/Src/stm32f4xx_hal_rcc.o
 .debug_rnglists
                0x00000432       0x5e ./Drivers/STM32F4xx_HAL_Driver/Src/stm32f4xx_hal_rcc_ex.o
 .debug_rnglists
                0x00000490      0x1bc ./Drivers/STM32F4xx_HAL_Driver/Src/stm32f4xx_hal_uart.o

.debug_macro    0x00000000    0x216a5
 .debug_macro   0x00000000      0x170 ./Core/Src/aes.o
 .debug_macro   0x00000170      0xab4 ./Core/Src/aes.o
 .debug_macro   0x00000c24       0x22 ./Core/Src/aes.o
 .debug_macro   0x00000c46       0x5b ./Core/Src/aes.o
 .debug_macro   0x00000ca1       0x2a ./Core/Src/aes.o
 .debug_macro   0x00000ccb       0x94 ./Core/Src/aes.o
 .debug_macro   0x00000d5f       0x43 ./Core/Src/aes.o
 .debug_macro   0x00000da2       0x34 ./Core/Src/aes.o
 .debug_macro   0x00000dd6      0x189 ./Core/Src/aes.o
 .debug_macro   0x00000f5f       0x16 ./Core/Src/aes.o
 .debug_macro   0x00000f75       0x43 ./Core/Src/aes.o
 .debug_macro   0x00000fb8       0x57 ./Core/Src/aes.o
 .debug_macro   0x0000100f       0x34 ./Core/Src/aes.o
 .debug_macro   0x00001043       0x10 ./Core/Src/aes.o
 .debug_macro   0x00001053       0x58 ./Core/Src/aes.o
 .debug_macro   0x000010ab       0x8e ./Core/Src/aes.o
 .debug_macro   0x00001139       0x1c ./Core/Src/aes.o
 .debug_macro   0x00001155      0x177 ./Core/Src/aes.o
 .debug_macro   0x000012cc      0x369 ./Core/Src/aes.o
 .debug_macro   0x00001635       0x10 ./Core/Src/aes.o
 .debug_macro   0x00001645       0x35 ./Core/Src/aes.o
 .debug_macro   0x0000167a       0x20 ./Core/Src/aes.o
 .debug_macro   0x0000169a      0x103 ./Core/Src/aes.o
 .debug_macro   0x0000179d       0x6a ./Core/Src/aes.o
 .debug_macro   0x00001807      0x1df ./Core/Src/aes.o
 .debug_macro   0x000019e6       0x2e ./Core/Src/aes.o
 .debug_macro   0x00001a14      0x2f4 ./Core/Src/main.o
 .debug_macro   0x00001d08      0x29b ./Core/Src/main.o
 .debug_macro   0x00001fa3       0x2e ./Core/Src/main.o
 .debug_macro   0x00001fd1       0x28 ./Core/Src/main.o
 .debug_macro   0x00001ff9       0x8e ./Core/Src/main.o
 .debug_macro   0x00002087       0x51 ./Core/Src/main.o
 .debug_macro   0x000020d8       0x1c ./Core/Src/main.o
 .debug_macro   0x000020f4       0x22 ./Core/Src/main.o
 .debug_macro   0x00002116       0xfb ./Core/Src/main.o
 .debug_macro   0x00002211     0x1011 ./Core/Src/main.o
 .debug_macro   0x00003222      0x11f ./Core/Src/main.o
 .debug_macro   0x00003341    0x16749 ./Core/Src/main.o
 .debug_macro   0x00019a8a       0x6d ./Core/Src/main.o
 .debug_macro   0x00019af7     0x368c ./Core/Src/main.o
 .debug_macro   0x0001d183       0x5c ./Core/Src/main.o
 .debug_macro   0x0001d1df      0xca5 ./Core/Src/main.o
 .debug_macro   0x0001de84      0x9e9 ./Core/Src/main.o
 .debug_macro   0x0001e86d      0x115 ./Core/Src/main.o
 .debug_macro   0x0001e982      0x1a0 ./Core/Src/main.o
 .debug_macro   0x0001eb22       0xa5 ./Core/Src/main.o
 .debug_macro   0x0001ebc7      0x16d ./Core/Src/main.o
 .debug_macro   0x0001ed34      0x287 ./Core/Src/main.o
 .debug_macro   0x0001efbb       0x5f ./Core/Src/main.o
 .debug_macro   0x0001f01a      0x236 ./Core/Src/main.o
 .debug_macro   0x0001f250       0x22 ./Core/Src/main.o
 .debug_macro   0x0001f272      0x132 ./Core/Src/main.o
 .debug_macro   0x0001f3a4      0x29c ./Core/Src/main.o
 .debug_macro   0x0001f640       0x2e ./Core/Src/main.o
 .debug_macro   0x0001f66e      0x127 ./Core/Src/main.o
 .debug_macro   0x0001f795       0xe8 ./Core/Src/main.o
 .debug_macro   0x0001f87d       0x89 ./Core/Src/main.o
 .debug_macro   0x0001f906      0x2aa ./Core/Src/main.o
 .debug_macro   0x0001fbb0      0x126 ./Core/Src/main.o
 .debug_macro   0x0001fcd6       0x58 ./Core/Src/main.o
 .debug_macro   0x0001fd2e       0x61 ./Core/Src/main.o
 .debug_macro   0x0001fd8f       0x1c ./Core/Src/main.o
 .debug_macro   0x0001fdab       0x10 ./Core/Src/main.o
 .debug_macro   0x0001fdbb       0x1c ./Core/Src/main.o
 .debug_macro   0x0001fdd7       0x16 ./Core/Src/main.o
 .debug_macro   0x0001fded      0x146 ./Core/Src/main.o
 .debug_macro   0x0001ff33      0x1d3 ./Core/Src/stm32f4xx_hal_msp.o
 .debug_macro   0x00020106      0x1dd ./Core/Src/stm32f4xx_it.o
 .debug_macro   0x000202e3       0xff ./Core/Src/sysmem.o
 .debug_macro   0x000203e2      0x23c ./Core/Src/sysmem.o
 .debug_macro   0x0002061e      0x1c4 ./Core/Src/system_stm32f4xx.o
 .debug_macro   0x000207e2      0x224 ./Drivers/STM32F4xx_HAL_Driver/Src/stm32f4xx_hal.o
 .debug_macro   0x00020a06      0x1c4 ./Drivers/STM32F4xx_HAL_Driver/Src/stm32f4xx_hal_cortex.o
 .debug_macro   0x00020bca      0x1c4 ./Drivers/STM32F4xx_HAL_Driver/Src/stm32f4xx_hal_crc.o
 .debug_macro   0x00020d8e      0x1ca ./Drivers/STM32F4xx_HAL_Driver/Src/stm32f4xx_hal_gpio.o
 .debug_macro   0x00020f58      0x1dc ./Drivers/STM32F4xx_HAL_Driver/Src/stm32f4xx_hal_pwr_ex.o
 .debug_macro   0x00021134      0x1e8 ./Drivers/STM32F4xx_HAL_Driver/Src/stm32f4xx_hal_rcc.o
 .debug_macro   0x0002131c      0x1c4 ./Drivers/STM32F4xx_HAL_Driver/Src/stm32f4xx_hal_rcc_ex.o
 .debug_macro   0x000214e0      0x1c5 ./Drivers/STM32F4xx_HAL_Driver/Src/stm32f4xx_hal_uart.o

.debug_line     0x00000000     0xb614
 .debug_line    0x00000000      0xeab ./Core/Src/aes.o
 .debug_line    0x00000eab      0xac1 ./Core/Src/main.o
 .debug_line    0x0000196c      0x7ba ./Core/Src/stm32f4xx_hal_msp.o
 .debug_line    0x00002126      0x7f7 ./Core/Src/stm32f4xx_it.o
 .debug_line    0x0000291d      0x583 ./Core/Src/sysmem.o
 .debug_line    0x00002ea0      0x7b9 ./Core/Src/system_stm32f4xx.o
 .debug_line    0x00003659       0x7a ./Core/Startup/startup_stm32f446retx.o
 .debug_line    0x000036d3      0xa22 ./Drivers/STM32F4xx_HAL_Driver/Src/stm32f4xx_hal.o
 .debug_line    0x000040f5      0xcea ./Drivers/STM32F4xx_HAL_Driver/Src/stm32f4xx_hal_cortex.o
 .debug_line    0x00004ddf      0x87b ./Drivers/STM32F4xx_HAL_Driver/Src/stm32f4xx_hal_crc.o
 .debug_line    0x0000565a      0xb9a ./Drivers/STM32F4xx_HAL_Driver/Src/stm32f4xx_hal_gpio.o
 .debug_line    0x000061f4      0x94b ./Drivers/STM32F4xx_HAL_Driver/Src/stm32f4xx_hal_pwr_ex.o
 .debug_line    0x00006b3f      0xda1 ./Drivers/STM32F4xx_HAL_Driver/Src/stm32f4xx_hal_rcc.o
 .debug_line    0x000078e0     0x1440 ./Drivers/STM32F4xx_HAL_Driver/Src/stm32f4xx_hal_rcc_ex.o
 .debug_line    0x00008d20     0x28f4 ./Drivers/STM32F4xx_HAL_Driver/Src/stm32f4xx_hal_uart.o

.debug_str      0x00000000    0xc8bbf
 .debug_str     0x00000000     0x729d ./Core/Src/aes.o
                               0x74c8 (size before relaxing)
 .debug_str     0x0000729d    0xbf4c1 ./Core/Src/main.o
                              0xc6887 (size before relaxing)
 .debug_str     0x000c675e       0xa5 ./Core/Src/stm32f4xx_hal_msp.o
                              0xc2db6 (size before relaxing)
 .debug_str     0x000c6803       0xc9 ./Core/Src/stm32f4xx_it.o
                              0xc271c (size before relaxing)
 .debug_str     0x000c68cc      0x4dc ./Core/Src/sysmem.o
                               0x60bb (size before relaxing)
 .debug_str     0x000c6da8       0xdb ./Core/Src/system_stm32f4xx.o
                              0xc2745 (size before relaxing)
 .debug_str     0x000c6e83       0x44 ./Core/Startup/startup_stm32f446retx.o
                                 0x6e (size before relaxing)
 .debug_str     0x000c6ec7      0xb0f ./Drivers/STM32F4xx_HAL_Driver/Src/stm32f4xx_hal.o
                              0xc330a (size before relaxing)
 .debug_str     0x000c79d6      0x361 ./Drivers/STM32F4xx_HAL_Driver/Src/stm32f4xx_hal_cortex.o
                              0xc302f (size before relaxing)
 .debug_str     0x000c7d37       0x98 ./Drivers/STM32F4xx_HAL_Driver/Src/stm32f4xx_hal_crc.o
                              0xc274e (size before relaxing)
 .debug_str     0x000c7dcf      0x11c ./Drivers/STM32F4xx_HAL_Driver/Src/stm32f4xx_hal_gpio.o
                              0xc28c0 (size before relaxing)
 .debug_str     0x000c7eeb      0x135 ./Drivers/STM32F4xx_HAL_Driver/Src/stm32f4xx_hal_pwr_ex.o
                              0xc291d (size before relaxing)
 .debug_str     0x000c8020      0x233 ./Drivers/STM32F4xx_HAL_Driver/Src/stm32f4xx_hal_rcc.o
                              0xc2b7e (size before relaxing)
 .debug_str     0x000c8253      0x31c ./Drivers/STM32F4xx_HAL_Driver/Src/stm32f4xx_hal_rcc_ex.o
                              0xc2bb1 (size before relaxing)
 .debug_str     0x000c856f      0x650 ./Drivers/STM32F4xx_HAL_Driver/Src/stm32f4xx_hal_uart.o
                              0xc3135 (size before relaxing)

.comment        0x00000000       0x43
 .comment       0x00000000       0x43 ./Core/Src/aes.o
                                 0x44 (size before relaxing)
 .comment       0x00000043       0x44 ./Core/Src/main.o
 .comment       0x00000043       0x44 ./Core/Src/stm32f4xx_hal_msp.o
 .comment       0x00000043       0x44 ./Core/Src/stm32f4xx_it.o
 .comment       0x00000043       0x44 ./Core/Src/sysmem.o
 .comment       0x00000043       0x44 ./Core/Src/system_stm32f4xx.o
 .comment       0x00000043       0x44 ./Drivers/STM32F4xx_HAL_Driver/Src/stm32f4xx_hal.o
 .comment       0x00000043       0x44 ./Drivers/STM32F4xx_HAL_Driver/Src/stm32f4xx_hal_cortex.o
 .comment       0x00000043       0x44 ./Drivers/STM32F4xx_HAL_Driver/Src/stm32f4xx_hal_crc.o
 .comment       0x00000043       0x44 ./Drivers/STM32F4xx_HAL_Driver/Src/stm32f4xx_hal_gpio.o
 .comment       0x00000043       0x44 ./Drivers/STM32F4xx_HAL_Driver/Src/stm32f4xx_hal_pwr_ex.o
 .comment       0x00000043       0x44 ./Drivers/STM32F4xx_HAL_Driver/Src/stm32f4xx_hal_rcc.o
 .comment       0x00000043       0x44 ./Drivers/STM32F4xx_HAL_Driver/Src/stm32f4xx_hal_rcc_ex.o
 .comment       0x00000043       0x44 ./Drivers/STM32F4xx_HAL_Driver/Src/stm32f4xx_hal_uart.o

.debug_frame    0x00000000     0x259c
 .debug_frame   0x00000000      0x310 ./Core/Src/aes.o
 .debug_frame   0x00000310      0x138 ./Core/Src/main.o
 .debug_frame   0x00000448       0xcc ./Core/Src/stm32f4xx_hal_msp.o
 .debug_frame   0x00000514      0x104 ./Core/Src/stm32f4xx_it.o
 .debug_frame   0x00000618       0x34 ./Core/Src/sysmem.o
 .debug_frame   0x0000064c       0x58 ./Core/Src/system_stm32f4xx.o
 .debug_frame   0x000006a4      0x374 ./Drivers/STM32F4xx_HAL_Driver/Src/stm32f4xx_hal.o
 .debug_frame   0x00000a18      0x4b8 ./Drivers/STM32F4xx_HAL_Driver/Src/stm32f4xx_hal_cortex.o
 .debug_frame   0x00000ed0      0x120 ./Drivers/STM32F4xx_HAL_Driver/Src/stm32f4xx_hal_crc.o
 .debug_frame   0x00000ff0      0x14c ./Drivers/STM32F4xx_HAL_Driver/Src/stm32f4xx_hal_gpio.o
 .debug_frame   0x0000113c      0x14c ./Drivers/STM32F4xx_HAL_Driver/Src/stm32f4xx_hal_pwr_ex.o
 .debug_frame   0x00001288      0x1f4 ./Drivers/STM32F4xx_HAL_Driver/Src/stm32f4xx_hal_rcc.o
 .debug_frame   0x0000147c      0x1e8 ./Drivers/STM32F4xx_HAL_Driver/Src/stm32f4xx_hal_rcc_ex.o
 .debug_frame   0x00001664      0x954 ./Drivers/STM32F4xx_HAL_Driver/Src/stm32f4xx_hal_uart.o
 .debug_frame   0x00001fb8      0x144 S:/ST/STM32CubeIDE_1.15.1/STM32CubeIDE/plugins/com.st.stm32cube.ide.mcu.externaltools.gnu-tools-for-stm32.12.3.rel1.win32_1.0.100.202403111256/tools/bin/../lib/gcc/arm-none-eabi/12.3.1/../../../../arm-none-eabi/lib/thumb/v7e-m+fp/hard\libc_nano.a(libc_a-findfp.o)
 .debug_frame   0x000020fc       0x6c S:/ST/STM32CubeIDE_1.15.1/STM32CubeIDE/plugins/com.st.stm32cube.ide.mcu.externaltools.gnu-tools-for-stm32.12.3.rel1.win32_1.0.100.202403111256/tools/bin/../lib/gcc/arm-none-eabi/12.3.1/../../../../arm-none-eabi/lib/thumb/v7e-m+fp/hard\libc_nano.a(libc_a-sprintf.o)
 .debug_frame   0x00002168       0x20 S:/ST/STM32CubeIDE_1.15.1/STM32CubeIDE/plugins/com.st.stm32cube.ide.mcu.externaltools.gnu-tools-for-stm32.12.3.rel1.win32_1.0.100.202403111256/tools/bin/../lib/gcc/arm-none-eabi/12.3.1/../../../../arm-none-eabi/lib/thumb/v7e-m+fp/hard\libc_nano.a(libc_a-memset.o)
 .debug_frame   0x00002188       0x38 S:/ST/STM32CubeIDE_1.15.1/STM32CubeIDE/plugins/com.st.stm32cube.ide.mcu.externaltools.gnu-tools-for-stm32.12.3.rel1.win32_1.0.100.202403111256/tools/bin/../lib/gcc/arm-none-eabi/12.3.1/../../../../arm-none-eabi/lib/thumb/v7e-m+fp/hard\libc_nano.a(libc_a-reent.o)
 .debug_frame   0x000021c0       0x20 S:/ST/STM32CubeIDE_1.15.1/STM32CubeIDE/plugins/com.st.stm32cube.ide.mcu.externaltools.gnu-tools-for-stm32.12.3.rel1.win32_1.0.100.202403111256/tools/bin/../lib/gcc/arm-none-eabi/12.3.1/../../../../arm-none-eabi/lib/thumb/v7e-m+fp/hard\libc_nano.a(libc_a-errno.o)
 .debug_frame   0x000021e0       0x2c S:/ST/STM32CubeIDE_1.15.1/STM32CubeIDE/plugins/com.st.stm32cube.ide.mcu.externaltools.gnu-tools-for-stm32.12.3.rel1.win32_1.0.100.202403111256/tools/bin/../lib/gcc/arm-none-eabi/12.3.1/../../../../arm-none-eabi/lib/thumb/v7e-m+fp/hard\libc_nano.a(libc_a-init.o)
 .debug_frame   0x0000220c       0xb0 S:/ST/STM32CubeIDE_1.15.1/STM32CubeIDE/plugins/com.st.stm32cube.ide.mcu.externaltools.gnu-tools-for-stm32.12.3.rel1.win32_1.0.100.202403111256/tools/bin/../lib/gcc/arm-none-eabi/12.3.1/../../../../arm-none-eabi/lib/thumb/v7e-m+fp/hard\libc_nano.a(libc_a-lock.o)
 .debug_frame   0x000022bc       0x28 S:/ST/STM32CubeIDE_1.15.1/STM32CubeIDE/plugins/com.st.stm32cube.ide.mcu.externaltools.gnu-tools-for-stm32.12.3.rel1.win32_1.0.100.202403111256/tools/bin/../lib/gcc/arm-none-eabi/12.3.1/../../../../arm-none-eabi/lib/thumb/v7e-m+fp/hard\libc_nano.a(libc_a-memcpy-stub.o)
 .debug_frame   0x000022e4       0x38 S:/ST/STM32CubeIDE_1.15.1/STM32CubeIDE/plugins/com.st.stm32cube.ide.mcu.externaltools.gnu-tools-for-stm32.12.3.rel1.win32_1.0.100.202403111256/tools/bin/../lib/gcc/arm-none-eabi/12.3.1/../../../../arm-none-eabi/lib/thumb/v7e-m+fp/hard\libc_nano.a(libc_a-freer.o)
 .debug_frame   0x0000231c       0x50 S:/ST/STM32CubeIDE_1.15.1/STM32CubeIDE/plugins/com.st.stm32cube.ide.mcu.externaltools.gnu-tools-for-stm32.12.3.rel1.win32_1.0.100.202403111256/tools/bin/../lib/gcc/arm-none-eabi/12.3.1/../../../../arm-none-eabi/lib/thumb/v7e-m+fp/hard\libc_nano.a(libc_a-mallocr.o)
 .debug_frame   0x0000236c       0x30 S:/ST/STM32CubeIDE_1.15.1/STM32CubeIDE/plugins/com.st.stm32cube.ide.mcu.externaltools.gnu-tools-for-stm32.12.3.rel1.win32_1.0.100.202403111256/tools/bin/../lib/gcc/arm-none-eabi/12.3.1/../../../../arm-none-eabi/lib/thumb/v7e-m+fp/hard\libc_nano.a(libc_a-mlock.o)
 .debug_frame   0x0000239c       0x90 S:/ST/STM32CubeIDE_1.15.1/STM32CubeIDE/plugins/com.st.stm32cube.ide.mcu.externaltools.gnu-tools-for-stm32.12.3.rel1.win32_1.0.100.202403111256/tools/bin/../lib/gcc/arm-none-eabi/12.3.1/../../../../arm-none-eabi/lib/thumb/v7e-m+fp/hard\libc_nano.a(libc_a-nano-svfprintf.o)
 .debug_frame   0x0000242c       0x60 S:/ST/STM32CubeIDE_1.15.1/STM32CubeIDE/plugins/com.st.stm32cube.ide.mcu.externaltools.gnu-tools-for-stm32.12.3.rel1.win32_1.0.100.202403111256/tools/bin/../lib/gcc/arm-none-eabi/12.3.1/../../../../arm-none-eabi/lib/thumb/v7e-m+fp/hard\libc_nano.a(libc_a-nano-vfprintf_i.o)
 .debug_frame   0x0000248c       0x28 S:/ST/STM32CubeIDE_1.15.1/STM32CubeIDE/plugins/com.st.stm32cube.ide.mcu.externaltools.gnu-tools-for-stm32.12.3.rel1.win32_1.0.100.202403111256/tools/bin/../lib/gcc/arm-none-eabi/12.3.1/../../../../arm-none-eabi/lib/thumb/v7e-m+fp/hard\libc_nano.a(libc_a-memmove.o)
 .debug_frame   0x000024b4       0x2c S:/ST/STM32CubeIDE_1.15.1/STM32CubeIDE/plugins/com.st.stm32cube.ide.mcu.externaltools.gnu-tools-for-stm32.12.3.rel1.win32_1.0.100.202403111256/tools/bin/../lib/gcc/arm-none-eabi/12.3.1/../../../../arm-none-eabi/lib/thumb/v7e-m+fp/hard\libc_nano.a(libc_a-sbrkr.o)
 .debug_frame   0x000024e0       0x3c S:/ST/STM32CubeIDE_1.15.1/STM32CubeIDE/plugins/com.st.stm32cube.ide.mcu.externaltools.gnu-tools-for-stm32.12.3.rel1.win32_1.0.100.202403111256/tools/bin/../lib/gcc/arm-none-eabi/12.3.1/../../../../arm-none-eabi/lib/thumb/v7e-m+fp/hard\libc_nano.a(libc_a-reallocr.o)
 .debug_frame   0x0000251c       0x20 S:/ST/STM32CubeIDE_1.15.1/STM32CubeIDE/plugins/com.st.stm32cube.ide.mcu.externaltools.gnu-tools-for-stm32.12.3.rel1.win32_1.0.100.202403111256/tools/bin/../lib/gcc/arm-none-eabi/12.3.1/../../../../arm-none-eabi/lib/thumb/v7e-m+fp/hard\libc_nano.a(libc_a-msizer.o)
 .debug_frame   0x0000253c       0x2c S:/ST/STM32CubeIDE_1.15.1/STM32CubeIDE/plugins/com.st.stm32cube.ide.mcu.externaltools.gnu-tools-for-stm32.12.3.rel1.win32_1.0.100.202403111256/tools/bin/../lib/gcc/arm-none-eabi/12.3.1/thumb/v7e-m+fp/hard\libgcc.a(_aeabi_uldivmod.o)
 .debug_frame   0x00002568       0x34 S:/ST/STM32CubeIDE_1.15.1/STM32CubeIDE/plugins/com.st.stm32cube.ide.mcu.externaltools.gnu-tools-for-stm32.12.3.rel1.win32_1.0.100.202403111256/tools/bin/../lib/gcc/arm-none-eabi/12.3.1/thumb/v7e-m+fp/hard\libgcc.a(_udivmoddi4.o)

.debug_line_str
                0x00000000       0x52
 .debug_line_str
                0x00000000       0x52 ./Core/Startup/startup_stm32f446retx.o
