../Core/Src/main.c:89:12:test_encrypt_ecb	8	static
../Core/Src/main.c:106:12:test_decrypt_cbc	8	static
../Core/Src/main.c:123:12:test_encrypt_cbc	8	static
../Core/Src/main.c:141:12:test_decrypt_ecb	8	static
../Core/Src/main.c:163:5:main	96	static
../Core/Src/main.c:249:6:SystemClock_Config	88	static
../Core/Src/main.c:303:13:MX_CRC_Init	8	static
../Core/Src/main.c:329:13:MX_USART2_UART_Init	8	static
../Core/Src/main.c:362:13:MX_GPIO_Init	48	static
../Core/Src/main.c:402:6:Error_Handler	4	static,ignoring_inline_asm
